<html>
<body>
<pre>
<h1>礦ision Build Log</h1>
<h2>Tool Versions:</h2>
IDE-Version: μVision V5.20.0.0
Copyright (C) 2016 ARM Ltd and ARM Germany GmbH. All rights reserved.
License Information: aianzh administrator, aianzh, LIC=----
 
Tool Versions:
Toolchain:       MDK-Lite  Version: 5.20
Toolchain Path:  C:\Keil_v5\ARM\ARMCC\Bin
C Compiler:      Armcc.exe V5.06 update 2 (build 183)
Assembler:       Armasm.exe V5.06 update 2 (build 183)
Linker/Locator:  ArmLink.exe V5.06 update 2 (build 183)
Library Manager: ArmAr.exe V5.06 update 2 (build 183)
Hex Converter:   FromElf.exe V5.06 update 2 (build 183)
CPU DLL:         SARMCM3.DLL V5.20
Dialog DLL:      DCM.DLL V1.13.7.0
Target DLL:      Segger\JL2CM3.dll V2.99.20.0
Dialog DLL:      TCM.DLL V1.14.9.0
 
<h2>Project:</h2>
F:\BaiduNetdiskDownload\2025单片机毕业设计海量题库\1.单片机设计案例(代码+原理图)\代码+原理图\代码+原理图\12.stm32对接onenet\stm32\MDK-ARM\stm32.uvprojx
Project File Date:  11/27/2025

<h2>Output:</h2>
*** Using Compiler 'V5.06 update 2 (build 183)', folder: 'C:\Keil_v5\ARM\ARMCC\Bin'
Rebuild target 'stm32'
assembling startup_stm32f103xb.s...
compiling gpio.c...
compiling usart.c...
compiling stm32f1xx_hal_msp.c...
compiling stm32f1xx_it.c...
compiling tim.c...
compiling stm32f1xx_hal_gpio_ex.c...
compiling stm32f1xx_hal_adc_ex.c...
compiling main.c...
compiling rtc.c...
compiling i2c.c...
compiling adc.c...
compiling stm32f1xx_hal.c...
compiling stm32f1xx_hal_adc.c...
compiling stm32f1xx_hal_rcc.c...
compiling stm32f1xx_hal_rcc_ex.c...
compiling stm32f1xx_hal_cortex.c...
compiling stm32f1xx_hal_pwr.c...
compiling stm32f1xx_hal_gpio.c...
compiling stm32f1xx_hal_rtc_ex.c...
compiling stm32f1xx_hal_exti.c...
compiling stm32f1xx_hal_dma.c...
compiling stm32f1xx_hal_flash_ex.c...
compiling stm32f1xx_hal_flash.c...
compiling stm32f1xx_hal_rtc.c...
compiling stm32f1xx_hal_i2c.c...
compiling stm32f1xx_hal_tim.c...
compiling system_stm32f1xx.c...
compiling time_handle.c...
compiling stm32f1xx_hal_tim_ex.c...
compiling main_program.c...
compiling network.c...
..\Core\User\network.c(317): warning:  #940-D: missing return statement at end of non-void function "network_receive_msg"
  }
..\Core\User\network.c: 1 warning, 0 errors
compiling oled.c...
compiling buzzer.c...
compiling ir.c...
..\Core\User\ir.c(12): warning:  #1-D: last line of file ends without a newline
  }
..\Core\User\ir.c: 1 warning, 0 errors
compiling led.c...
..\Core\User\led.c(35): warning:  #1-D: last line of file ends without a newline
  }
..\Core\User\led.c: 1 warning, 0 errors
compiling stm32f1xx_hal_uart.c...
compiling dht11.c...
linking...
Program Size: Code=19496 RO-data=2948 RW-data=72 ZI-data=4856  
FromELF: creating hex file...
"stm32\stm32.axf" - 0 Error(s), 3 Warning(s).

<h2>Software Packages used:</h2>

Package Vendor: ARM
                http://www.keil.com/pack/ARM.CMSIS.4.5.0.pack
                ARM::CMSIS:CORE:4.3.0
                CMSIS (Cortex Microcontroller Software Interface Standard)
   * Component: CORE Version: 4.3.0

<h2>Collection of Component include folders:</h2>
  F:\BaiduNetdiskDownload\2025单片机毕业设计海量题库\1.单片机设计案例(代码+原理图)\代码+原理图\代码+原理图\12.stm32对接onenet\stm32\MDK-ARM\RTE
  C:\Keil_v5\ARM\PACK\ARM\CMSIS\4.5.0\CMSIS\Include
  C:\Keil_v5\ARM\PACK\Keil\STM32F1xx_DFP\1.1.0\Device\Include

<h2>Collection of Component Files used:</h2>

   * Component: ARM::CMSIS:CORE:4.3.0
Build Time Elapsed:  00:00:04
</pre>
</body>
</html>
