Component: ARM Compiler 5.06 update 2 (build 183) Tool: armlink [4d35b7]

==============================================================================

Section Cross References

    startup_stm32f103xb.o(RESET) refers to startup_stm32f103xb.o(STACK) for __initial_sp
    startup_stm32f103xb.o(RESET) refers to startup_stm32f103xb.o(.text) for Reset_Handler
    startup_stm32f103xb.o(RESET) refers to stm32f1xx_it.o(i.NMI_Handler) for NMI_Handler
    startup_stm32f103xb.o(RESET) refers to stm32f1xx_it.o(i.HardFault_Handler) for HardFault_Handler
    startup_stm32f103xb.o(RESET) refers to stm32f1xx_it.o(i.MemManage_Handler) for MemManage_Handler
    startup_stm32f103xb.o(RESET) refers to stm32f1xx_it.o(i.BusFault_Handler) for BusFault_Handler
    startup_stm32f103xb.o(RESET) refers to stm32f1xx_it.o(i.UsageFault_Handler) for UsageFault_Handler
    startup_stm32f103xb.o(RESET) refers to stm32f1xx_it.o(i.SVC_Handler) for SVC_Handler
    startup_stm32f103xb.o(RESET) refers to stm32f1xx_it.o(i.DebugMon_Handler) for DebugMon_Handler
    startup_stm32f103xb.o(RESET) refers to stm32f1xx_it.o(i.PendSV_Handler) for PendSV_Handler
    startup_stm32f103xb.o(RESET) refers to stm32f1xx_it.o(i.SysTick_Handler) for SysTick_Handler
    startup_stm32f103xb.o(RESET) refers to stm32f1xx_it.o(i.TIM2_IRQHandler) for TIM2_IRQHandler
    startup_stm32f103xb.o(RESET) refers to stm32f1xx_it.o(i.USART3_IRQHandler) for USART3_IRQHandler
    startup_stm32f103xb.o(.text) refers to system_stm32f1xx.o(i.SystemInit) for SystemInit
    startup_stm32f103xb.o(.text) refers to entry.o(.ARM.Collect$$$$00000000) for __main
    main.o(i.SystemClock_Config) refers to memseta.o(.text) for __aeabi_memclr4
    main.o(i.SystemClock_Config) refers to stm32f1xx_hal_rcc.o(i.HAL_RCC_OscConfig) for HAL_RCC_OscConfig
    main.o(i.SystemClock_Config) refers to stm32f1xx_hal_rcc.o(i.HAL_RCC_ClockConfig) for HAL_RCC_ClockConfig
    main.o(i.SystemClock_Config) refers to stm32f1xx_hal_rcc_ex.o(i.HAL_RCCEx_PeriphCLKConfig) for HAL_RCCEx_PeriphCLKConfig
    main.o(i.main) refers to stm32f1xx_hal.o(i.HAL_Init) for HAL_Init
    main.o(i.main) refers to main.o(i.SystemClock_Config) for SystemClock_Config
    main.o(i.main) refers to gpio.o(i.MX_GPIO_Init) for MX_GPIO_Init
    main.o(i.main) refers to usart.o(i.MX_USART1_UART_Init) for MX_USART1_UART_Init
    main.o(i.main) refers to tim.o(i.MX_TIM2_Init) for MX_TIM2_Init
    main.o(i.main) refers to rtc.o(i.MX_RTC_Init) for MX_RTC_Init
    main.o(i.main) refers to adc.o(i.MX_ADC1_Init) for MX_ADC1_Init
    main.o(i.main) refers to i2c.o(i.MX_I2C1_Init) for MX_I2C1_Init
    main.o(i.main) refers to usart.o(i.MX_USART3_UART_Init) for MX_USART3_UART_Init
    main.o(i.main) refers to main_program.o(i.user_init_program) for user_init_program
    main.o(i.main) refers to main_program.o(i.user_main_program) for user_main_program
    gpio.o(i.MX_GPIO_Init) refers to stm32f1xx_hal_gpio.o(i.HAL_GPIO_WritePin) for HAL_GPIO_WritePin
    gpio.o(i.MX_GPIO_Init) refers to stm32f1xx_hal_gpio.o(i.HAL_GPIO_Init) for HAL_GPIO_Init
    adc.o(i.HAL_ADC_MspDeInit) refers to stm32f1xx_hal_gpio.o(i.HAL_GPIO_DeInit) for HAL_GPIO_DeInit
    adc.o(i.HAL_ADC_MspInit) refers to stm32f1xx_hal_gpio.o(i.HAL_GPIO_Init) for HAL_GPIO_Init
    adc.o(i.MX_ADC1_Init) refers to stm32f1xx_hal_adc.o(i.HAL_ADC_Init) for HAL_ADC_Init
    adc.o(i.MX_ADC1_Init) refers to main.o(i.Error_Handler) for Error_Handler
    adc.o(i.MX_ADC1_Init) refers to stm32f1xx_hal_adc.o(i.HAL_ADC_ConfigChannel) for HAL_ADC_ConfigChannel
    adc.o(i.MX_ADC1_Init) refers to adc.o(.bss) for .bss
    i2c.o(i.HAL_I2C_MspDeInit) refers to stm32f1xx_hal_gpio.o(i.HAL_GPIO_DeInit) for HAL_GPIO_DeInit
    i2c.o(i.HAL_I2C_MspInit) refers to stm32f1xx_hal_gpio.o(i.HAL_GPIO_Init) for HAL_GPIO_Init
    i2c.o(i.MX_I2C1_Init) refers to stm32f1xx_hal_i2c.o(i.HAL_I2C_Init) for HAL_I2C_Init
    i2c.o(i.MX_I2C1_Init) refers to main.o(i.Error_Handler) for Error_Handler
    i2c.o(i.MX_I2C1_Init) refers to i2c.o(.bss) for .bss
    rtc.o(i.HAL_RTC_MspInit) refers to stm32f1xx_hal_pwr.o(i.HAL_PWR_EnableBkUpAccess) for HAL_PWR_EnableBkUpAccess
    rtc.o(i.MX_RTC_Init) refers to stm32f1xx_hal_rtc.o(i.HAL_RTC_Init) for HAL_RTC_Init
    rtc.o(i.MX_RTC_Init) refers to main.o(i.Error_Handler) for Error_Handler
    rtc.o(i.MX_RTC_Init) refers to rtc.o(.bss) for .bss
    tim.o(i.HAL_TIM_Base_MspDeInit) refers to stm32f1xx_hal_cortex.o(i.HAL_NVIC_DisableIRQ) for HAL_NVIC_DisableIRQ
    tim.o(i.HAL_TIM_Base_MspInit) refers to stm32f1xx_hal_cortex.o(i.HAL_NVIC_SetPriority) for HAL_NVIC_SetPriority
    tim.o(i.HAL_TIM_Base_MspInit) refers to stm32f1xx_hal_cortex.o(i.HAL_NVIC_EnableIRQ) for HAL_NVIC_EnableIRQ
    tim.o(i.MX_TIM2_Init) refers to stm32f1xx_hal_tim.o(i.HAL_TIM_Base_Init) for HAL_TIM_Base_Init
    tim.o(i.MX_TIM2_Init) refers to main.o(i.Error_Handler) for Error_Handler
    tim.o(i.MX_TIM2_Init) refers to stm32f1xx_hal_tim.o(i.HAL_TIM_ConfigClockSource) for HAL_TIM_ConfigClockSource
[...]
    ../clib/scanf.c                          0x00000000   Number         0  _chval.o ABSOLUTE
    ../clib/scanf.c                          0x00000000   Number         0  _scanf.o ABSOLUTE
    ../clib/scanf.c                          0x00000000   Number         0  _sgetc.o ABSOLUTE
    ../clib/scanf.c                          0x00000000   Number         0  scanf_char.o ABSOLUTE
    ../fplib/microlib/f2d.c                  0x00000000   Number         0  f2d.o ABSOLUTE
    ../fplib/microlib/fpadd.c                0x00000000   Number         0  fadd.o ABSOLUTE
    ../fplib/microlib/fpadd.c                0x00000000   Number         0  dadd.o ABSOLUTE
    ../fplib/microlib/fpdiv.c                0x00000000   Number         0  ddiv.o ABSOLUTE
    ../fplib/microlib/fpdiv.c                0x00000000   Number         0  fdiv.o ABSOLUTE
    ../fplib/microlib/fpepilogue.c           0x00000000   Number         0  fepilogue.o ABSOLUTE
    ../fplib/microlib/fpepilogue.c           0x00000000   Number         0  depilogue.o ABSOLUTE
    ../fplib/microlib/fpfix.c                0x00000000   Number         0  dfixul.o ABSOLUTE
    ../fplib/microlib/fpfix.c                0x00000000   Number         0  ffixi.o ABSOLUTE
    ../fplib/microlib/fpfix.c                0x00000000   Number         0  ffixui.o ABSOLUTE
    ../fplib/microlib/fpflt.c                0x00000000   Number         0  ffltui.o ABSOLUTE
    ../fplib/microlib/fpflt.c                0x00000000   Number         0  fflti.o ABSOLUTE
    ../fplib/microlib/fpmul.c                0x00000000   Number         0  fmul.o ABSOLUTE
    ../fplib/microlib/fpmul.c                0x00000000   Number         0  dmul.o ABSOLUTE
    ..\Core\Src\adc.c                        0x00000000   Number         0  adc.o ABSOLUTE
    ..\Core\Src\gpio.c                       0x00000000   Number         0  gpio.o ABSOLUTE
    ..\Core\Src\i2c.c                        0x00000000   Number         0  i2c.o ABSOLUTE
    ..\Core\Src\main.c                       0x00000000   Number         0  main.o ABSOLUTE
    ..\Core\Src\rtc.c                        0x00000000   Number         0  rtc.o ABSOLUTE
    ..\Core\Src\stm32f1xx_hal_msp.c          0x00000000   Number         0  stm32f1xx_hal_msp.o ABSOLUTE
    ..\Core\Src\stm32f1xx_it.c               0x00000000   Number         0  stm32f1xx_it.o ABSOLUTE
    ..\Core\Src\system_stm32f1xx.c           0x00000000   Number         0  system_stm32f1xx.o ABSOLUTE
    ..\Core\Src\tim.c                        0x00000000   Number         0  tim.o ABSOLUTE
    ..\Core\Src\usart.c                      0x00000000   Number         0  usart.o ABSOLUTE
    ..\Core\User\buzzer.c                    0x00000000   Number         0  buzzer.o ABSOLUTE
    ..\Core\User\dht11.c                     0x00000000   Number         0  dht11.o ABSOLUTE
    ..\Core\User\ir.c                        0x00000000   Number         0  ir.o ABSOLUTE
    ..\Core\User\led.c                       0x00000000   Number         0  led.o ABSOLUTE
    ..\Core\User\main_program.c              0x00000000   Number         0  main_program.o ABSOLUTE
    ..\Core\User\network.c                   0x00000000   Number         0  network.o ABSOLUTE
    ..\Core\User\oled.c                      0x00000000   Number         0  oled.o ABSOLUTE
    ..\Core\User\time_handle.c               0x00000000   Number         0  time_handle.o ABSOLUTE
    ..\Drivers\STM32F1xx_HAL_Driver\Src\stm32f1xx_hal.c 0x00000000   Number         0  stm32f1xx_hal.o ABSOLUTE
    ..\Drivers\STM32F1xx_HAL_Driver\Src\stm32f1xx_hal_adc.c 0x00000000   Number         0  stm32f1xx_hal_adc.o ABSOLUTE
    ..\Drivers\STM32F1xx_HAL_Driver\Src\stm32f1xx_hal_adc_ex.c 0x00000000   Number         0  stm32f1xx_hal_adc_ex.o ABSOLUTE
    ..\Drivers\STM32F1xx_HAL_Driver\Src\stm32f1xx_hal_cortex.c 0x00000000   Number         0  stm32f1xx_hal_cortex.o ABSOLUTE
    ..\Drivers\STM32F1xx_HAL_Driver\Src\stm32f1xx_hal_dma.c 0x00000000   Number         0  stm32f1xx_hal_dma.o ABSOLUTE
    ..\Drivers\STM32F1xx_HAL_Driver\Src\stm32f1xx_hal_exti.c 0x00000000   Number         0  stm32f1xx_hal_exti.o ABSOLUTE
    ..\Drivers\STM32F1xx_HAL_Driver\Src\stm32f1xx_hal_flash.c 0x00000000   Number         0  stm32f1xx_hal_flash.o ABSOLUTE
    ..\Drivers\STM32F1xx_HAL_Driver\Src\stm32f1xx_hal_flash_ex.c 0x00000000   Number         0  stm32f1xx_hal_flash_ex.o ABSOLUTE
    ..\Drivers\STM32F1xx_HAL_Driver\Src\stm32f1xx_hal_gpio.c 0x00000000   Number         0  stm32f1xx_hal_gpio.o ABSOLUTE
    ..\Drivers\STM32F1xx_HAL_Driver\Src\stm32f1xx_hal_gpio_ex.c 0x00000000   Number         0  stm32f1xx_hal_gpio_ex.o ABSOLUTE
    ..\Drivers\STM32F1xx_HAL_Driver\Src\stm32f1xx_hal_i2c.c 0x00000000   Number         0  stm32f1xx_hal_i2c.o ABSOLUTE
    ..\Drivers\STM32F1xx_HAL_Driver\Src\stm32f1xx_hal_pwr.c 0x00000000   Number         0  stm32f1xx_hal_pwr.o ABSOLUTE
    ..\Drivers\STM32F1xx_HAL_Driver\Src\stm32f1xx_hal_rcc.c 0x00000000   Number         0  stm32f1xx_hal_rcc.o ABSOLUTE
    ..\Drivers\STM32F1xx_HAL_Driver\Src\stm32f1xx_hal_rcc_ex.c 0x00000000   Number         0  stm32f1xx_hal_rcc_ex.o ABSOLUTE
    ..\Drivers\STM32F1xx_HAL_Driver\Src\stm32f1xx_hal_rtc.c 0x00000000   Number         0  stm32f1xx_hal_rtc.o ABSOLUTE
    ..\Drivers\STM32F1xx_HAL_Driver\Src\stm32f1xx_hal_rtc_ex.c 0x00000000   Number         0  stm32f1xx_hal_rtc_ex.o ABSOLUTE
    ..\Drivers\STM32F1xx_HAL_Driver\Src\stm32f1xx_hal_tim.c 0x00000000   Number         0  stm32f1xx_hal_tim.o ABSOLUTE
    ..\Drivers\STM32F1xx_HAL_Driver\Src\stm32f1xx_hal_tim_ex.c 0x00000000   Number         0  stm32f1xx_hal_tim_ex.o ABSOLUTE
    ..\Drivers\STM32F1xx_HAL_Driver\Src\stm32f1xx_hal_uart.c 0x00000000   Number         0  stm32f1xx_hal_uart.o ABSOLUTE
    ..\\Core\\User\\buzzer.c                 0x00000000   Number         0  buzzer.o ABSOLUTE
    ..\\Core\\User\\dht11.c                  0x00000000   Number         0  dht11.o ABSOLUTE
    ..\\Core\\User\\ir.c                     0x00000000   Number         0  ir.o ABSOLUTE
    ..\\Core\\User\\led.c                    0x00000000   Number         0  led.o ABSOLUTE
    ..\\Core\\User\\main_program.c           0x00000000   Number         0  main_program.o ABSOLUTE
    ..\\Core\\User\\network.c                0x00000000   Number         0  network.o ABSOLUTE
    ..\\Core\\User\\oled.c                   0x00000000   Number         0  oled.o ABSOLUTE
    ..\\Core\\User\\time_handle.c            0x00000000   Number         0  time_handle.o ABSOLUTE
    cdrcmple.s                               0x00000000   Number         0  cdrcmple.o ABSOLUTE
    dc.s                                     0x00000000   Number         0  dc.o ABSOLUTE
    handlers.s                               0x00000000   Number         0  handlers.o ABSOLUTE
    init.s                                   0x00000000   Number         0  init.o ABSOLUTE
    startup_stm32f103xb.s                    0x00000000   Number         0  startup_stm32f103xb.o ABSOLUTE
    RESET                                    0x08000000   Section      236  startup_stm32f103xb.o(RESET)
    .ARM.Collect$$$$00000000                 0x080000ec   Section        0  entry.o(.ARM.Collect$$$$00000000)
    .ARM.Collect$$$$00000001                 0x080000ec   Section        4  entry2.o(.ARM.Collect$$$$00000001)
    .ARM.Collect$$$$00000004                 0x080000f0   Section        4  entry5.o(.ARM.Collect$$$$00000004)
    .ARM.Collect$$$$00000008                 0x080000f4   Section        0  entry7b.o(.ARM.Collect$$$$00000008)
    .ARM.Collect$$$$0000000A                 0x080000f4   Section        0  entry8b.o(.ARM.Collect$$$$0000000A)
    .ARM.Collect$$$$0000000B                 0x080000f4   Section        8  entry9a.o(.ARM.Collect$$$$0000000B)
    .ARM.Collect$$$$0000000D                 0x080000fc   Section        0  entry10a.o(.ARM.Collect$$$$0000000D)
    .ARM.Collect$$$$0000000F                 0x080000fc   Section        0  entry11a.o(.ARM.Collect$$$$0000000F)
    .ARM.Collect$$$$00002712                 0x080000fc   Section        4  entry2.o(.ARM.Collect$$$$00002712)
    __lit__00000000                          0x080000fc   Data           4  entry2.o(.ARM.Collect$$$$00002712)
    .text                                    0x08000100   Section       36  startup_stm32f103xb.o(.text)
    .text                                    0x08000124   Section        0  llushr.o(.text)
    .text                                    0x08000144   Section        0  memseta.o(.text)
    .text                                    0x08000168   Section        0  strstr.o(.text)
    .text                                    0x0800018c   Section        0  strlen.o(.text)
    .text                                    0x0800019c   Section        0  __0sscanf.o(.text)
    .text                                    0x080001d4   Section        0  _scanf_int.o(.text)
    .text                                    0x08000320   Section        0  _scanf_str.o(.text)
    .text                                    0x08000400   Section        0  ffltui.o(.text)
    .text                                    0x0800040a   Section        0  ffixi.o(.text)
    .text                                    0x0800043c   Section        0  f2d.o(.text)
    .text                                    0x08000462   Section        0  uidiv.o(.text)
    .text                                    0x0800048e   Section        0  uldiv.o(.text)
    .text                                    0x080004f0   Section        0  _chval.o(.text)
    .text                                    0x0800050c   Section        0  scanf_char.o(.text)
    _scanf_char_input                        0x0800050d   Thumb Code    12  scanf_char.o(.text)
    .text                                    0x08000534   Section        0  _sgetc.o(.text)
    .text                                    0x08000574   Section        0  fepilogue.o(.text)
    .text                                    0x08000574   Section        0  iusefp.o(.text)
    .text                                    0x080005e2   Section        0  dadd.o(.text)
    .text                                    0x08000730   Section        0  dmul.o(.text)
    .text                                    0x08000814   Section        0  ddiv.o(.text)
    .text                                    0x080008f2   Section        0  dfixul.o(.text)
    .text                                    0x08000924   Section       48  cdrcmple.o(.text)
    .text                                    0x08000954   Section       36  init.o(.text)
    .text                                    0x08000978   Section        0  llshl.o(.text)
    .text                                    0x08000996   Section        0  llsshr.o(.text)
    .text                                    0x080009ba   Section        0  isspace_c.o(.text)
    .text                                    0x080009c4   Section        0  _scanf.o(.text)
    .text                                    0x08000cf0   Section        0  depilogue.o(.text)
    .text                                    0x08000dac   Section        0  ctype_c.o(.text)
    i.ADC_ConversionStop_Disable             0x08000dd4   Section        0  stm32f1xx_hal_adc.o(i.ADC_ConversionStop_Disable)
    i.ADC_Enable                             0x08000e2c   Section        0  stm32f1xx_hal_adc.o(i.ADC_Enable)
    i.BusFault_Handler                       0x08000ea8   Section        0  stm32f1xx_it.o(i.BusFault_Handler)
    i.DHT11_ReadBit                          0x08000eac   Section        0  dht11.o(i.DHT11_ReadBit)
    i.DHT11_ReadByte                         0x08000f04   Section        0  dht11.o(i.DHT11_ReadByte)
    i.DHT11_RespondSignal                    0x08000f20   Section        0  dht11.o(i.DHT11_RespondSignal)
    i.DHT11_SampleData                       0x08000fd4   Section        0  dht11.o(i.DHT11_SampleData)
    i.DHT11_StartSignal                      0x08001064   Section        0  dht11.o(i.DHT11_StartSignal)
    DHT11_StartSignal                        0x08001065   Thumb Code    84  dht11.o(i.DHT11_StartSignal)
    i.DebugMon_Handler                       0x080010bc   Section        0  stm32f1xx_it.o(i.DebugMon_Handler)
    i.Error_Handler                          0x080010be   Section        0  main.o(i.Error_Handler)
    i.HAL_ADC_ConfigChannel                  0x080010c4   Section        0  stm32f1xx_hal_adc.o(i.HAL_ADC_ConfigChannel)
    i.HAL_ADC_GetValue                       0x080011c0   Section        0  stm32f1xx_hal_adc.o(i.HAL_ADC_GetValue)
    i.HAL_ADC_Init                           0x080011c8   Section        0  stm32f1xx_hal_adc.o(i.HAL_ADC_Init)
    i.HAL_ADC_MspInit                        0x080012e4   Section        0  adc.o(i.HAL_ADC_MspInit)
    i.HAL_ADC_PollForConversion              0x0800133c   Section        0  stm32f1xx_hal_adc.o(i.HAL_ADC_PollForConversion)
    i.HAL_ADC_Start                          0x08001478   Section        0  stm32f1xx_hal_adc.o(i.HAL_ADC_Start)
    i.HAL_ADC_Stop                           0x08001538   Section        0  stm32f1xx_hal_adc.o(i.HAL_ADC_Stop)
    i.HAL_DMA_Abort                          0x0800156c   Section        0  stm32f1xx_hal_dma.o(i.HAL_DMA_Abort)
    i.HAL_DMA_Abort_IT                       0x080015b4   Section        0  stm32f1xx_hal_dma.o(i.HAL_DMA_Abort_IT)
    i.HAL_Delay                              0x0800164c   Section        0  stm32f1xx_hal.o(i.HAL_Delay)
    i.HAL_GPIO_Init                          0x08001670   Section        0  stm32f1xx_hal_gpio.o(i.HAL_GPIO_Init)
    i.HAL_GPIO_ReadPin                       0x08001850   Section        0  stm32f1xx_hal_gpio.o(i.HAL_GPIO_ReadPin)
    i.HAL_GPIO_TogglePin                     0x0800185a   Section        0  stm32f1xx_hal_gpio.o(i.HAL_GPIO_TogglePin)
    i.HAL_GPIO_WritePin                      0x0800186a   Section        0  stm32f1xx_hal_gpio.o(i.HAL_GPIO_WritePin)
    i.HAL_GetTick                            0x08001874   Section        0  stm32f1xx_hal.o(i.HAL_GetTick)
    i.HAL_I2C_Init                           0x08001880   Section        0  stm32f1xx_hal_i2c.o(i.HAL_I2C_Init)
    i.HAL_I2C_Master_Transmit                0x08001a08   Section        0  stm32f1xx_hal_i2c.o(i.HAL_I2C_Master_Transmit)
    i.HAL_I2C_MspInit                        0x08001b34   Section        0  i2c.o(i.HAL_I2C_MspInit)
    i.HAL_IncTick                            0x08001ba4   Section        0  stm32f1xx_hal.o(i.HAL_IncTick)
    i.HAL_Init                               0x08001bb4   Section        0  stm32f1xx_hal.o(i.HAL_Init)
    i.HAL_InitTick                           0x08001bd8   Section        0  stm32f1xx_hal.o(i.HAL_InitTick)
    i.HAL_MspInit                            0x08001c18   Section        0  stm32f1xx_hal_msp.o(i.HAL_MspInit)
    i.HAL_NVIC_EnableIRQ                     0x08001c54   Section        0  stm32f1xx_hal_cortex.o(i.HAL_NVIC_EnableIRQ)
    i.HAL_NVIC_SetPriority                   0x08001c70   Section        0  stm32f1xx_hal_cortex.o(i.HAL_NVIC_SetPriority)
    i.HAL_NVIC_SetPriorityGrouping           0x08001cb0   Section        0  stm32f1xx_hal_cortex.o(i.HAL_NVIC_SetPriorityGrouping)
    i.HAL_PWR_EnableBkUpAccess               0x08001cd4   Section        0  stm32f1xx_hal_pwr.o(i.HAL_PWR_EnableBkUpAccess)
    i.HAL_RCCEx_GetPeriphCLKFreq             0x08001ce0   Section        0  stm32f1xx_hal_rcc_ex.o(i.HAL_RCCEx_GetPeriphCLKFreq)
    i.HAL_RCCEx_PeriphCLKConfig              0x08001da8   Section        0  stm32f1xx_hal_rcc_ex.o(i.HAL_RCCEx_PeriphCLKConfig)
    i.HAL_RCC_ClockConfig                    0x08001e94   Section        0  stm32f1xx_hal_rcc.o(i.HAL_RCC_ClockConfig)
    i.HAL_RCC_GetPCLK1Freq                   0x08001fc0   Section        0  stm32f1xx_hal_rcc.o(i.HAL_RCC_GetPCLK1Freq)
    i.HAL_RCC_GetPCLK2Freq                   0x08001fe0   Section        0  stm32f1xx_hal_rcc.o(i.HAL_RCC_GetPCLK2Freq)
    i.HAL_RCC_GetSysClockFreq                0x08002000   Section        0  stm32f1xx_hal_rcc.o(i.HAL_RCC_GetSysClockFreq)
    i.HAL_RCC_OscConfig                      0x0800206c   Section        0  stm32f1xx_hal_rcc.o(i.HAL_RCC_OscConfig)
    i.HAL_RTC_Init                           0x0800238c   Section        0  stm32f1xx_hal_rtc.o(i.HAL_RTC_Init)
    i.HAL_RTC_MspInit                        0x0800242c   Section        0  rtc.o(i.HAL_RTC_MspInit)
    i.HAL_RTC_WaitForSynchro                 0x08002460   Section        0  stm32f1xx_hal_rtc.o(i.HAL_RTC_WaitForSynchro)
    i.HAL_SYSTICK_Config                     0x0800249a   Section        0  stm32f1xx_hal_cortex.o(i.HAL_SYSTICK_Config)
    i.HAL_TIMEx_BreakCallback                0x080024c2   Section        0  stm32f1xx_hal_tim_ex.o(i.HAL_TIMEx_BreakCallback)
    i.HAL_TIMEx_CommutCallback               0x080024c4   Section        0  stm32f1xx_hal_tim_ex.o(i.HAL_TIMEx_CommutCallback)
    i.HAL_TIMEx_MasterConfigSynchronization  0x080024c8   Section        0  stm32f1xx_hal_tim_ex.o(i.HAL_TIMEx_MasterConfigSynchronization)
    i.HAL_TIM_Base_Init                      0x08002530   Section        0  stm32f1xx_hal_tim.o(i.HAL_TIM_Base_Init)
    i.HAL_TIM_Base_MspInit                   0x0800258c   Section        0  tim.o(i.HAL_TIM_Base_MspInit)
    i.HAL_TIM_Base_Start_IT                  0x080025c4   Section        0  stm32f1xx_hal_tim.o(i.HAL_TIM_Base_Start_IT)
    i.HAL_TIM_ConfigClockSource              0x0800261c   Section        0  stm32f1xx_hal_tim.o(i.HAL_TIM_ConfigClockSource)
    i.HAL_TIM_IC_CaptureCallback             0x080026f2   Section        0  stm32f1xx_hal_tim.o(i.HAL_TIM_IC_CaptureCallback)
    i.HAL_TIM_IRQHandler                     0x080026f4   Section        0  stm32f1xx_hal_tim.o(i.HAL_TIM_IRQHandler)
    i.HAL_TIM_OC_DelayElapsedCallback        0x0800285a   Section        0  stm32f1xx_hal_tim.o(i.HAL_TIM_OC_DelayElapsedCallback)
    i.HAL_TIM_PWM_PulseFinishedCallback      0x0800285c   Section        0  stm32f1xx_hal_tim.o(i.HAL_TIM_PWM_PulseFinishedCallback)
    i.HAL_TIM_PeriodElapsedCallback          0x08002860   Section        0  time_handle.o(i.HAL_TIM_PeriodElapsedCallback)
    i.HAL_TIM_TriggerCallback                0x080028b8   Section        0  stm32f1xx_hal_tim.o(i.HAL_TIM_TriggerCallback)
    i.HAL_UARTEx_RxEventCallback             0x080028ba   Section        0  stm32f1xx_hal_uart.o(i.HAL_UARTEx_RxEventCallback)
    i.HAL_UART_ErrorCallback                 0x080028bc   Section        0  stm32f1xx_hal_uart.o(i.HAL_UART_ErrorCallback)
    i.HAL_UART_IRQHandler                    0x080028c0   Section        0  stm32f1xx_hal_uart.o(i.HAL_UART_IRQHandler)
    i.HAL_UART_Init                          0x08002acc   Section        0  stm32f1xx_hal_uart.o(i.HAL_UART_Init)
    i.HAL_UART_MspInit                       0x08002b30   Section        0  usart.o(i.HAL_UART_MspInit)
    i.HAL_UART_Receive                       0x08002c00   Section        0  stm32f1xx_hal_uart.o(i.HAL_UART_Receive)
    i.HAL_UART_RxCpltCallback                0x08002cc0   Section        0  stm32f1xx_hal_uart.o(i.HAL_UART_RxCpltCallback)
    i.HAL_UART_Transmit                      0x08002cc4   Section        0  stm32f1xx_hal_uart.o(i.HAL_UART_Transmit)
    i.HAL_UART_TxCpltCallback                0x08002d76   Section        0  stm32f1xx_hal_uart.o(i.HAL_UART_TxCpltCallback)
    i.HardFault_Handler                      0x08002d78   Section        0  stm32f1xx_it.o(i.HardFault_Handler)
    i.I2C_IsAcknowledgeFailed                0x08002d7a   Section        0  stm32f1xx_hal_i2c.o(i.I2C_IsAcknowledgeFailed)
    I2C_IsAcknowledgeFailed                  0x08002d7b   Thumb Code    46  stm32f1xx_hal_i2c.o(i.I2C_IsAcknowledgeFailed)
    i.I2C_MasterRequestWrite                 0x08002da8   Section        0  stm32f1xx_hal_i2c.o(i.I2C_MasterRequestWrite)
    I2C_MasterRequestWrite                   0x08002da9   Thumb Code   150  stm32f1xx_hal_i2c.o(i.I2C_MasterRequestWrite)
    i.I2C_WaitOnBTFFlagUntilTimeout          0x08002e44   Section        0  stm32f1xx_hal_i2c.o(i.I2C_WaitOnBTFFlagUntilTimeout)
    I2C_WaitOnBTFFlagUntilTimeout            0x08002e45   Thumb Code    76  stm32f1xx_hal_i2c.o(i.I2C_WaitOnBTFFlagUntilTimeout)
    i.I2C_WaitOnFlagUntilTimeout             0x08002e90   Section        0  stm32f1xx_hal_i2c.o(i.I2C_WaitOnFlagUntilTimeout)
    I2C_WaitOnFlagUntilTimeout               0x08002e91   Thumb Code   104  stm32f1xx_hal_i2c.o(i.I2C_WaitOnFlagUntilTimeout)
    i.I2C_WaitOnMasterAddressFlagUntilTimeout 0x08002ef8   Section        0  stm32f1xx_hal_i2c.o(i.I2C_WaitOnMasterAddressFlagUntilTimeout)
    I2C_WaitOnMasterAddressFlagUntilTimeout  0x08002ef9   Thumb Code   150  stm32f1xx_hal_i2c.o(i.I2C_WaitOnMasterAddressFlagUntilTimeout)
    i.I2C_WaitOnTXEFlagUntilTimeout          0x08002f8e   Section        0  stm32f1xx_hal_i2c.o(i.I2C_WaitOnTXEFlagUntilTimeout)
    I2C_WaitOnTXEFlagUntilTimeout            0x08002f8f   Thumb Code    76  stm32f1xx_hal_i2c.o(i.I2C_WaitOnTXEFlagUntilTimeout)
    i.MX_ADC1_Init                           0x08002fdc   Section        0  adc.o(i.MX_ADC1_Init)
    i.MX_GPIO_Init                           0x08003058   Section        0  gpio.o(i.MX_GPIO_Init)
    i.MX_I2C1_Init                           0x08003128   Section        0  i2c.o(i.MX_I2C1_Init)
    i.MX_RTC_Init                            0x08003168   Section        0  rtc.o(i.MX_RTC_Init)
    i.MX_TIM2_Init                           0x08003198   Section        0  tim.o(i.MX_TIM2_Init)
    i.MX_USART1_UART_Init                    0x080031fc   Section        0  usart.o(i.MX_USART1_UART_Init)
    i.MX_USART3_UART_Init                    0x08003234   Section        0  usart.o(i.MX_USART3_UART_Init)
    i.MemManage_Handler                      0x0800326c   Section        0  stm32f1xx_it.o(i.MemManage_Handler)
    i.NMI_Handler                            0x0800326e   Section        0  stm32f1xx_it.o(i.NMI_Handler)
    i.OLED_draw_point                        0x08003270   Section        0  oled.o(i.OLED_draw_point)
    i.OLED_init                              0x080032b8   Section        0  oled.o(i.OLED_init)
    i.OLED_printf                            0x080033a0   Section        0  oled.o(i.OLED_printf)
    i.OLED_refresh_gram                      0x080033e4   Section        0  oled.o(i.OLED_refresh_gram)
    i.OLED_set_pos                           0x08003418   Section        0  oled.o(i.OLED_set_pos)
    i.OLED_show_char                         0x08003440   Section        0  oled.o(i.OLED_show_char)
    i.OLED_show_string                       0x080034b8   Section        0  oled.o(i.OLED_show_string)
    i.PendSV_Handler                         0x080034e6   Section        0  stm32f1xx_it.o(i.PendSV_Handler)
    i.RTC_EnterInitMode                      0x080034e8   Section        0  stm32f1xx_hal_rtc.o(i.RTC_EnterInitMode)
    RTC_EnterInitMode                        0x080034e9   Thumb Code    52  stm32f1xx_hal_rtc.o(i.RTC_EnterInitMode)
    i.RTC_ExitInitMode                       0x0800351c   Section        0  stm32f1xx_hal_rtc.o(i.RTC_ExitInitMode)
    RTC_ExitInitMode                         0x0800351d   Thumb Code    54  stm32f1xx_hal_rtc.o(i.RTC_ExitInitMode)
    i.SVC_Handler                            0x08003552   Section        0  stm32f1xx_it.o(i.SVC_Handler)
    i.SysTick_Handler                        0x08003554   Section        0  stm32f1xx_it.o(i.SysTick_Handler)
    i.SystemClock_Config                     0x08003558   Section        0  main.o(i.SystemClock_Config)
    i.SystemInit                             0x080035de   Section        0  system_stm32f1xx.o(i.SystemInit)
    i.TIM2_IRQHandler                        0x080035e0   Section        0  stm32f1xx_it.o(i.TIM2_IRQHandler)
    i.TIM_Base_SetConfig                     0x080035ec   Section        0  stm32f1xx_hal_tim.o(i.TIM_Base_SetConfig)
    i.TIM_ETR_SetConfig                      0x08003658   Section        0  stm32f1xx_hal_tim.o(i.TIM_ETR_SetConfig)
    i.TIM_ITRx_SetConfig                     0x0800366c   Section        0  stm32f1xx_hal_tim.o(i.TIM_ITRx_SetConfig)
    TIM_ITRx_SetConfig                       0x0800366d   Thumb Code    16  stm32f1xx_hal_tim.o(i.TIM_ITRx_SetConfig)
    i.TIM_TI1_ConfigInputStage               0x0800367c   Section        0  stm32f1xx_hal_tim.o(i.TIM_TI1_ConfigInputStage)
    TIM_TI1_ConfigInputStage                 0x0800367d   Thumb Code    34  stm32f1xx_hal_tim.o(i.TIM_TI1_ConfigInputStage)
    i.TIM_TI2_ConfigInputStage               0x0800369e   Section        0  stm32f1xx_hal_tim.o(i.TIM_TI2_ConfigInputStage)
    TIM_TI2_ConfigInputStage                 0x0800369f   Thumb Code    36  stm32f1xx_hal_tim.o(i.TIM_TI2_ConfigInputStage)
    i.UART_DMAAbortOnError                   0x080036c2   Section        0  stm32f1xx_hal_uart.o(i.UART_DMAAbortOnError)
    UART_DMAAbortOnError                     0x080036c3   Thumb Code    16  stm32f1xx_hal_uart.o(i.UART_DMAAbortOnError)
    i.UART_EndRxTransfer                     0x080036d2   Section        0  stm32f1xx_hal_uart.o(i.UART_EndRxTransfer)
    UART_EndRxTransfer                       0x080036d3   Thumb Code    48  stm32f1xx_hal_uart.o(i.UART_EndRxTransfer)
    i.UART_Receive_IT                        0x08003702   Section        0  stm32f1xx_hal_uart.o(i.UART_Receive_IT)
    UART_Receive_IT                          0x08003703   Thumb Code   182  stm32f1xx_hal_uart.o(i.UART_Receive_IT)
    i.UART_SetConfig                         0x080037b8   Section        0  stm32f1xx_hal_uart.o(i.UART_SetConfig)
    UART_SetConfig                           0x080037b9   Thumb Code   178  stm32f1xx_hal_uart.o(i.UART_SetConfig)
    i.UART_WaitOnFlagUntilTimeout            0x08003870   Section        0  stm32f1xx_hal_uart.o(i.UART_WaitOnFlagUntilTimeout)
    UART_WaitOnFlagUntilTimeout              0x08003871   Thumb Code   100  stm32f1xx_hal_uart.o(i.UART_WaitOnFlagUntilTimeout)
    i.USART3_IRQHandler                      0x080038d4   Section        0  stm32f1xx_it.o(i.USART3_IRQHandler)
    i.UsageFault_Handler                     0x080038e8   Section        0  stm32f1xx_it.o(i.UsageFault_Handler)
    i.__0printf                              0x080038ec   Section        0  printfa.o(i.__0printf)
    i.__0sprintf                             0x0800390c   Section        0  printfa.o(i.__0sprintf)
    i.__0vsprintf                            0x08003934   Section        0  printfa.o(i.__0vsprintf)
    i.__NVIC_SetPriority                     0x08003958   Section        0  stm32f1xx_hal_cortex.o(i.__NVIC_SetPriority)
    __NVIC_SetPriority                       0x08003959   Thumb Code    32  stm32f1xx_hal_cortex.o(i.__NVIC_SetPriority)
    i.__scatterload_copy                     0x08003978   Section       14  handlers.o(i.__scatterload_copy)
    i.__scatterload_null                     0x08003986   Section        2  handlers.o(i.__scatterload_null)
    i.__scatterload_zeroinit                 0x08003988   Section       14  handlers.o(i.__scatterload_zeroinit)
    i._fp_digits                             0x08003998   Section        0  printfa.o(i._fp_digits)
    _fp_digits                               0x08003999   Thumb Code   334  printfa.o(i._fp_digits)
    i._printf_core                           0x08003afc   Section        0  printfa.o(i._printf_core)
    _printf_core                             0x08003afd   Thumb Code  1744  printfa.o(i._printf_core)
    i._printf_post_padding                   0x080041d8   Section        0  printfa.o(i._printf_post_padding)
    _printf_post_padding                     0x080041d9   Thumb Code    36  printfa.o(i._printf_post_padding)
    i._printf_pre_padding                    0x080041fc   Section        0  printfa.o(i._printf_pre_padding)
    _printf_pre_padding                      0x080041fd   Thumb Code    46  printfa.o(i._printf_pre_padding)
    i._sputc                                 0x0800422a   Section        0  printfa.o(i._sputc)
    _sputc                                   0x0800422b   Thumb Code    10  printfa.o(i._sputc)
    i.delay_us                               0x08004234   Section        0  dht11.o(i.delay_us)
    i.fputc                                  0x08004248   Section        0  usart.o(i.fputc)
    i.get_ir_status                          0x08004260   Section        0  ir.o(i.get_ir_status)
    i.init_tiner2                            0x0800427c   Section        0  time_handle.o(i.init_tiner2)
    i.main                                   0x08004288   Section        0  main.o(i.main)
    i.network_connect_server                 0x080042b8   Section        0  network.o(i.network_connect_server)
    i.network_init                           0x0800434c   Section        0  network.o(i.network_init)
    i.network_receive_msg                    0x080044f0   Section        0  network.o(i.network_receive_msg)
    i.network_reset                          0x08004598   Section        0  network.o(i.network_reset)
    i.network_send_cmd                       0x0800464c   Section        0  network.o(i.network_send_cmd)
    i.network_send_msg                       0x080046cc   Section        0  network.o(i.network_send_msg)
    i.network_set_wifi                       0x080047e4   Section        0  network.o(i.network_set_wifi)
    i.network_uart_clear                     0x08004874   Section        0  network.o(i.network_uart_clear)
    i.oled_write_byte                        0x08004898   Section        0  oled.o(i.oled_write_byte)
    i.set_buzzer                             0x080048c0   Section        0  buzzer.o(i.set_buzzer)
    i.set_led                                0x080048f0   Section        0  led.o(i.set_led)
    i.toggle_buzzer                          0x08004920   Section        0  buzzer.o(i.toggle_buzzer)
    i.toggle_led                             0x08004930   Section        0  led.o(i.toggle_led)
    i.uart3_receiver_handle                  0x0800493c   Section        0  network.o(i.uart3_receiver_handle)
    i.user_init_program                      0x08004984   Section        0  main_program.o(i.user_init_program)
    i.user_main_program                      0x08004a20   Section        0  main_program.o(i.user_main_program)
    .constdata                               0x08004d14   Section       16  system_stm32f1xx.o(.constdata)
    .constdata                               0x08004d24   Section        8  system_stm32f1xx.o(.constdata)
    .constdata                               0x08004d2c   Section     2164  oled.o(.constdata)
    .constdata                               0x080055a0   Section       64  ctype_c.o(.constdata)
    .conststring                             0x080055e0   Section      427  network.o(.conststring)
    .data                                    0x20000000   Section       12  stm32f1xx_hal.o(.data)
    .data                                    0x2000000c   Section        4  system_stm32f1xx.o(.data)
    .data                                    0x20000010   Section        8  time_handle.o(.data)
    .data                                    0x20000018   Section       24  main_program.o(.data)
    .data                                    0x20000030   Section        6  network.o(.data)
    error_count                              0x20000031   Data           1  network.o(.data)
    .data                                    0x20000038   Section        8  oled.o(.data)
    cmd_data                                 0x20000038   Data           2  oled.o(.data)
    ap                                       0x2000003c   Data           4  oled.o(.data)
    .data                                    0x20000040   Section        1  buzzer.o(.data)
    buzzer_status                            0x20000040   Data           1  buzzer.o(.data)
    .data                                    0x20000041   Section        1  led.o(.data)
    led_status                               0x20000041   Data           1  led.o(.data)
    .data                                    0x20000044   Section        4  stdout.o(.data)
    .bss                                     0x20000048   Section       48  adc.o(.bss)
    .bss                                     0x20000078   Section       84  i2c.o(.bss)
    .bss                                     0x200000cc   Section       20  rtc.o(.bss)
    .bss                                     0x200000e0   Section       72  tim.o(.bss)
    .bss                                     0x20000128   Section      136  usart.o(.bss)
    .bss                                     0x200001b0   Section       12  main_program.o(.bss)
    .bss                                     0x200001bc   Section      768  network.o(.bss)
    msg_buf                                  0x200001bc   Data         512  network.o(.bss)
    receive_buf                              0x200003bc   Data         256  network.o(.bss)
    .bss                                     0x200004bc   Section     1152  oled.o(.bss)
    LCD_BUF                                  0x200004bc   Data         128  oled.o(.bss)
    OLED_GRAM                                0x2000053c   Data        1024  oled.o(.bss)
    STACK                                    0x20000940   Section     2560  startup_stm32f103xb.o(STACK)

    Global Symbols

    Symbol Name                              Value     Ov Type        Size  Object(Section)

    BuildAttributes$$THM_ISAv4$P$D$K$B$S$PE$A:L22UL41UL21$X:L11$S22US41US21$IEEE1$IW$USESV6$~STKCKD$USESV7$~SHL$OTIME$ROPI$EBA8$MICROLIB$REQ8$PRES8$EABIv2 0x00000000   Number         0  anon$$obj.o ABSOLUTE
    __ARM_use_no_argv                        0x00000000   Number         0  main.o ABSOLUTE
    _printf_a                                0x00000000   Number         0  stubs.o ABSOLUTE
    _printf_c                                0x00000000   Number         0  stubs.o ABSOLUTE
    _printf_charcount                        0x00000000   Number         0  stubs.o ABSOLUTE
    _printf_d                                0x00000000   Number         0  stubs.o ABSOLUTE
    _printf_e                                0x00000000   Number         0  stubs.o ABSOLUTE
    _printf_f                                0x00000000   Number         0  stubs.o ABSOLUTE
    _printf_flags                            0x00000000   Number         0  stubs.o ABSOLUTE
    _printf_fp_dec                           0x00000000   Number         0  stubs.o ABSOLUTE
    _printf_fp_hex                           0x00000000   Number         0  stubs.o ABSOLUTE
    _printf_g                                0x00000000   Number         0  stubs.o ABSOLUTE
    _printf_i                                0x00000000   Number         0  stubs.o ABSOLUTE
    _printf_int_dec                          0x00000000   Number         0  stubs.o ABSOLUTE
    _printf_l                                0x00000000   Number         0  stubs.o ABSOLUTE
    _printf_lc                               0x00000000   Number         0  stubs.o ABSOLUTE
    _printf_ll                               0x00000000   Number         0  stubs.o ABSOLUTE
    _printf_lld                              0x00000000   Number         0  stubs.o ABSOLUTE
    _printf_lli                              0x00000000   Number         0  stubs.o ABSOLUTE
    _printf_llo                              0x00000000   Number         0  stubs.o ABSOLUTE
    _printf_llu                              0x00000000   Number         0  stubs.o ABSOLUTE
    _printf_llx                              0x00000000   Number         0  stubs.o ABSOLUTE
    _printf_longlong_dec                     0x00000000   Number         0  stubs.o ABSOLUTE
    _printf_longlong_hex                     0x00000000   Number         0  stubs.o ABSOLUTE
    _printf_longlong_oct                     0x00000000   Number         0  stubs.o ABSOLUTE
    _printf_ls                               0x00000000   Number         0  stubs.o ABSOLUTE
    _printf_mbtowc                           0x00000000   Number         0  stubs.o ABSOLUTE
    _printf_n                                0x00000000   Number         0  stubs.o ABSOLUTE
    _printf_o                                0x00000000   Number         0  stubs.o ABSOLUTE
    _printf_p                                0x00000000   Number         0  stubs.o ABSOLUTE
    _printf_percent                          0x00000000   Number         0  stubs.o ABSOLUTE
    _printf_pre_padding                      0x00000000   Number         0  stubs.o ABSOLUTE
    _printf_return_value                     0x00000000   Number         0  stubs.o ABSOLUTE
    _printf_s                                0x00000000   Number         0  stubs.o ABSOLUTE
    _printf_sizespec                         0x00000000   Number         0  stubs.o ABSOLUTE
    _printf_str                              0x00000000   Number         0  stubs.o ABSOLUTE
    _printf_truncate_signed                  0x00000000   Number         0  stubs.o ABSOLUTE
    _printf_truncate_unsigned                0x00000000   Number         0  stubs.o ABSOLUTE
    _printf_u                                0x00000000   Number         0  stubs.o ABSOLUTE
    _printf_wc                               0x00000000   Number         0  stubs.o ABSOLUTE
    _printf_wctomb                           0x00000000   Number         0  stubs.o ABSOLUTE
    _printf_widthprec                        0x00000000   Number         0  stubs.o ABSOLUTE
    _printf_x                                0x00000000   Number         0  stubs.o ABSOLUTE
    __cpp_initialize__aeabi_                  - Undefined Weak Reference
    __cxa_finalize                            - Undefined Weak Reference
    __decompress                              - Undefined Weak Reference
    _clock_init                               - Undefined Weak Reference
    _microlib_exit                            - Undefined Weak Reference
    _scanf_longlong                           - Undefined Weak Reference
    _scanf_real                               - Undefined Weak Reference
    __Vectors_Size                           0x000000ec   Number         0  startup_stm32f103xb.o ABSOLUTE
    __Vectors                                0x08000000   Data           4  startup_stm32f103xb.o(RESET)
    __Vectors_End                            0x080000ec   Data           0  startup_stm32f103xb.o(RESET)
    __main                                   0x080000ed   Thumb Code     0  entry.o(.ARM.Collect$$$$00000000)
    _main_stk                                0x080000ed   Thumb Code     0  entry2.o(.ARM.Collect$$$$00000001)
    _main_scatterload                        0x080000f1   Thumb Code     0  entry5.o(.ARM.Collect$$$$00000004)
    __main_after_scatterload                 0x080000f5   Thumb Code     0  entry5.o(.ARM.Collect$$$$00000004)
    _main_clock                              0x080000f5   Thumb Code     0  entry7b.o(.ARM.Collect$$$$00000008)
    _main_cpp_init                           0x080000f5   Thumb Code     0  entry8b.o(.ARM.Collect$$$$0000000A)
    _main_init                               0x080000f5   Thumb Code     0  entry9a.o(.ARM.Collect$$$$0000000B)
    __rt_final_cpp                           0x080000fd   Thumb Code     0  entry10a.o(.ARM.Collect$$$$0000000D)
    __rt_final_exit                          0x080000fd   Thumb Code     0  entry11a.o(.ARM.Collect$$$$0000000F)
    Reset_Handler                            0x08000101   Thumb Code     8  startup_stm32f103xb.o(.text)
    ADC1_2_IRQHandler                        0x0800011b   Thumb Code     0  startup_stm32f103xb.o(.text)
    CAN1_RX1_IRQHandler                      0x0800011b   Thumb Code     0  startup_stm32f103xb.o(.text)
    CAN1_SCE_IRQHandler                      0x0800011b   Thumb Code     0  startup_stm32f103xb.o(.text)
    DMA1_Channel1_IRQHandler                 0x0800011b   Thumb Code     0  startup_stm32f103xb.o(.text)
    DMA1_Channel2_IRQHandler                 0x0800011b   Thumb Code     0  startup_stm32f103xb.o(.text)
    DMA1_Channel3_IRQHandler                 0x0800011b   Thumb Code     0  startup_stm32f103xb.o(.text)
    DMA1_Channel4_IRQHandler                 0x0800011b   Thumb Code     0  startup_stm32f103xb.o(.text)
    DMA1_Channel5_IRQHandler                 0x0800011b   Thumb Code     0  startup_stm32f103xb.o(.text)
    DMA1_Channel6_IRQHandler                 0x0800011b   Thumb Code     0  startup_stm32f103xb.o(.text)
    DMA1_Channel7_IRQHandler                 0x0800011b   Thumb Code     0  startup_stm32f103xb.o(.text)
    EXTI0_IRQHandler                         0x0800011b   Thumb Code     0  startup_stm32f103xb.o(.text)
    EXTI15_10_IRQHandler                     0x0800011b   Thumb Code     0  startup_stm32f103xb.o(.text)
    EXTI1_IRQHandler                         0x0800011b   Thumb Code     0  startup_stm32f103xb.o(.text)
    EXTI2_IRQHandler                         0x0800011b   Thumb Code     0  startup_stm32f103xb.o(.text)
    EXTI3_IRQHandler                         0x0800011b   Thumb Code     0  startup_stm32f103xb.o(.text)
    EXTI4_IRQHandler                         0x0800011b   Thumb Code     0  startup_stm32f103xb.o(.text)
    EXTI9_5_IRQHandler                       0x0800011b   Thumb Code     0  startup_stm32f103xb.o(.text)
    FLASH_IRQHandler                         0x0800011b   Thumb Code     0  startup_stm32f103xb.o(.text)
    I2C1_ER_IRQHandler                       0x0800011b   Thumb Code     0  startup_stm32f103xb.o(.text)
    I2C1_EV_IRQHandler                       0x0800011b   Thumb Code     0  startup_stm32f103xb.o(.text)
    I2C2_ER_IRQHandler                       0x0800011b   Thumb Code     0  startup_stm32f103xb.o(.text)
    I2C2_EV_IRQHandler                       0x0800011b   Thumb Code     0  startup_stm32f103xb.o(.text)
    PVD_IRQHandler                           0x0800011b   Thumb Code     0  startup_stm32f103xb.o(.text)
    RCC_IRQHandler                           0x0800011b   Thumb Code     0  startup_stm32f103xb.o(.text)
    RTC_Alarm_IRQHandler                     0x0800011b   Thumb Code     0  startup_stm32f103xb.o(.text)
    RTC_IRQHandler                           0x0800011b   Thumb Code     0  startup_stm32f103xb.o(.text)
    SPI1_IRQHandler                          0x0800011b   Thumb Code     0  startup_stm32f103xb.o(.text)
    SPI2_IRQHandler                          0x0800011b   Thumb Code     0  startup_stm32f103xb.o(.text)
    TAMPER_IRQHandler                        0x0800011b   Thumb Code     0  startup_stm32f103xb.o(.text)
    TIM1_BRK_IRQHandler                      0x0800011b   Thumb Code     0  startup_stm32f103xb.o(.text)
    TIM1_CC_IRQHandler                       0x0800011b   Thumb Code     0  startup_stm32f103xb.o(.text)
    TIM1_TRG_COM_IRQHandler                  0x0800011b   Thumb Code     0  startup_stm32f103xb.o(.text)
    TIM1_UP_IRQHandler                       0x0800011b   Thumb Code     0  startup_stm32f103xb.o(.text)
    TIM3_IRQHandler                          0x0800011b   Thumb Code     0  startup_stm32f103xb.o(.text)
    TIM4_IRQHandler                          0x0800011b   Thumb Code     0  startup_stm32f103xb.o(.text)
    USART1_IRQHandler                        0x0800011b   Thumb Code     0  startup_stm32f103xb.o(.text)
    USART2_IRQHandler                        0x0800011b   Thumb Code     0  startup_stm32f103xb.o(.text)
    USBWakeUp_IRQHandler                     0x0800011b   Thumb Code     0  startup_stm32f103xb.o(.text)
    USB_HP_CAN1_TX_IRQHandler                0x0800011b   Thumb Code     0  startup_stm32f103xb.o(.text)
    USB_LP_CAN1_RX0_IRQHandler               0x0800011b   Thumb Code     0  startup_stm32f103xb.o(.text)
    WWDG_IRQHandler                          0x0800011b   Thumb Code     0  startup_stm32f103xb.o(.text)
    __aeabi_llsr                             0x08000125   Thumb Code    32  llushr.o(.text)
    _ll_ushift_r                             0x08000125   Thumb Code     0  llushr.o(.text)
    __aeabi_memset                           0x08000145   Thumb Code    14  memseta.o(.text)
    __aeabi_memset4                          0x08000145   Thumb Code     0  memseta.o(.text)
    __aeabi_memset8                          0x08000145   Thumb Code     0  memseta.o(.text)
    __aeabi_memclr                           0x08000153   Thumb Code     4  memseta.o(.text)
    __aeabi_memclr4                          0x08000153   Thumb Code     0  memseta.o(.text)
    __aeabi_memclr8                          0x08000153   Thumb Code     0  memseta.o(.text)
    _memset$wrapper                          0x08000157   Thumb Code    18  memseta.o(.text)
    strstr                                   0x08000169   Thumb Code    36  strstr.o(.text)
    strlen                                   0x0800018d   Thumb Code    14  strlen.o(.text)
    __0sscanf                                0x0800019d   Thumb Code    48  __0sscanf.o(.text)
    _scanf_int                               0x080001d5   Thumb Code   332  _scanf_int.o(.text)
    _scanf_string                            0x08000321   Thumb Code   224  _scanf_str.o(.text)
    __aeabi_ui2f                             0x08000401   Thumb Code    10  ffltui.o(.text)
    __aeabi_f2iz                             0x0800040b   Thumb Code    50  ffixi.o(.text)
    __aeabi_f2d                              0x0800043d   Thumb Code    38  f2d.o(.text)
    __aeabi_uidiv                            0x08000463   Thumb Code     0  uidiv.o(.text)
    __aeabi_uidivmod                         0x08000463   Thumb Code    44  uidiv.o(.text)
    __aeabi_uldivmod                         0x0800048f   Thumb Code    98  uldiv.o(.text)
    _chval                                   0x080004f1   Thumb Code    28  _chval.o(.text)
    __vfscanf_char                           0x08000519   Thumb Code    20  scanf_char.o(.text)
    _sgetc                                   0x08000535   Thumb Code    30  _sgetc.o(.text)
    _sbackspace                              0x08000553   Thumb Code    34  _sgetc.o(.text)
    __I$use$fp                               0x08000575   Thumb Code     0  iusefp.o(.text)
    _float_round                             0x08000575   Thumb Code    18  fepilogue.o(.text)
    _float_epilogue                          0x08000587   Thumb Code    92  fepilogue.o(.text)
    __aeabi_dadd                             0x080005e3   Thumb Code   322  dadd.o(.text)
    __aeabi_dsub                             0x08000725   Thumb Code     6  dadd.o(.text)
    __aeabi_drsub                            0x0800072b   Thumb Code     6  dadd.o(.text)
    __aeabi_dmul                             0x08000731   Thumb Code   228  dmul.o(.text)
    __aeabi_ddiv                             0x08000815   Thumb Code   222  ddiv.o(.text)
    __aeabi_d2ulz                            0x080008f3   Thumb Code    48  dfixul.o(.text)
    __aeabi_cdrcmple                         0x08000925   Thumb Code    48  cdrcmple.o(.text)
    __scatterload                            0x08000955   Thumb Code    28  init.o(.text)
    __scatterload_rt2                        0x08000955   Thumb Code     0  init.o(.text)
    __aeabi_llsl                             0x08000979   Thumb Code    30  llshl.o(.text)
    _ll_shift_l                              0x08000979   Thumb Code     0  llshl.o(.text)
    __aeabi_lasr                             0x08000997   Thumb Code    36  llsshr.o(.text)
    _ll_sshift_r                             0x08000997   Thumb Code     0  llsshr.o(.text)
    isspace                                  0x080009bb   Thumb Code    10  isspace_c.o(.text)
    __vfscanf                                0x080009c5   Thumb Code   808  _scanf.o(.text)
    _double_round                            0x08000cf1   Thumb Code    30  depilogue.o(.text)
    _double_epilogue                         0x08000d0f   Thumb Code   156  depilogue.o(.text)
    __ctype_lookup                           0x08000dad   Thumb Code    34  ctype_c.o(.text)
    ADC_ConversionStop_Disable               0x08000dd5   Thumb Code    86  stm32f1xx_hal_adc.o(i.ADC_ConversionStop_Disable)
    ADC_Enable                               0x08000e2d   Thumb Code   114  stm32f1xx_hal_adc.o(i.ADC_Enable)
    BusFault_Handler                         0x08000ea9   Thumb Code     2  stm32f1xx_it.o(i.BusFault_Handler)
    DHT11_ReadBit                            0x08000ead   Thumb Code    82  dht11.o(i.DHT11_ReadBit)
    DHT11_ReadByte                           0x08000f05   Thumb Code    26  dht11.o(i.DHT11_ReadByte)
    DHT11_RespondSignal                      0x08000f21   Thumb Code    90  dht11.o(i.DHT11_RespondSignal)
    DHT11_SampleData                         0x08000fd5   Thumb Code   142  dht11.o(i.DHT11_SampleData)
    DebugMon_Handler                         0x080010bd   Thumb Code     2  stm32f1xx_it.o(i.DebugMon_Handler)
    Error_Handler                            0x080010bf   Thumb Code     4  main.o(i.Error_Handler)
    HAL_ADC_ConfigChannel                    0x080010c5   Thumb Code   240  stm32f1xx_hal_adc.o(i.HAL_ADC_ConfigChannel)
    HAL_ADC_GetValue                         0x080011c1   Thumb Code     6  stm32f1xx_hal_adc.o(i.HAL_ADC_GetValue)
    HAL_ADC_Init                             0x080011c9   Thumb Code   272  stm32f1xx_hal_adc.o(i.HAL_ADC_Init)
    HAL_ADC_MspInit                          0x080012e5   Thumb Code    76  adc.o(i.HAL_ADC_MspInit)
    HAL_ADC_PollForConversion                0x0800133d   Thumb Code   304  stm32f1xx_hal_adc.o(i.HAL_ADC_PollForConversion)
    HAL_ADC_Start                            0x08001479   Thumb Code   184  stm32f1xx_hal_adc.o(i.HAL_ADC_Start)
    HAL_ADC_Stop                             0x08001539   Thumb Code    52  stm32f1xx_hal_adc.o(i.HAL_ADC_Stop)
    HAL_DMA_Abort                            0x0800156d   Thumb Code    70  stm32f1xx_hal_dma.o(i.HAL_DMA_Abort)
    HAL_DMA_Abort_IT                         0x080015b5   Thumb Code   148  stm32f1xx_hal_dma.o(i.HAL_DMA_Abort_IT)
    HAL_Delay                                0x0800164d   Thumb Code    32  stm32f1xx_hal.o(i.HAL_Delay)
    HAL_GPIO_Init                            0x08001671   Thumb Code   446  stm32f1xx_hal_gpio.o(i.HAL_GPIO_Init)
    HAL_GPIO_ReadPin                         0x08001851   Thumb Code    10  stm32f1xx_hal_gpio.o(i.HAL_GPIO_ReadPin)
    HAL_GPIO_TogglePin                       0x0800185b   Thumb Code    16  stm32f1xx_hal_gpio.o(i.HAL_GPIO_TogglePin)
    HAL_GPIO_WritePin                        0x0800186b   Thumb Code    10  stm32f1xx_hal_gpio.o(i.HAL_GPIO_WritePin)
    HAL_GetTick                              0x08001875   Thumb Code     6  stm32f1xx_hal.o(i.HAL_GetTick)
    HAL_I2C_Init                             0x08001881   Thumb Code   376  stm32f1xx_hal_i2c.o(i.HAL_I2C_Init)
    HAL_I2C_Master_Transmit                  0x08001a09   Thumb Code   290  stm32f1xx_hal_i2c.o(i.HAL_I2C_Master_Transmit)
    HAL_I2C_MspInit                          0x08001b35   Thumb Code    96  i2c.o(i.HAL_I2C_MspInit)
    HAL_IncTick                              0x08001ba5   Thumb Code    12  stm32f1xx_hal.o(i.HAL_IncTick)
    HAL_Init                                 0x08001bb5   Thumb Code    32  stm32f1xx_hal.o(i.HAL_Init)
    HAL_InitTick                             0x08001bd9   Thumb Code    54  stm32f1xx_hal.o(i.HAL_InitTick)
    HAL_MspInit                              0x08001c19   Thumb Code    52  stm32f1xx_hal_msp.o(i.HAL_MspInit)
    HAL_NVIC_EnableIRQ                       0x08001c55   Thumb Code    26  stm32f1xx_hal_cortex.o(i.HAL_NVIC_EnableIRQ)
    HAL_NVIC_SetPriority                     0x08001c71   Thumb Code    60  stm32f1xx_hal_cortex.o(i.HAL_NVIC_SetPriority)
    HAL_NVIC_SetPriorityGrouping             0x08001cb1   Thumb Code    26  stm32f1xx_hal_cortex.o(i.HAL_NVIC_SetPriorityGrouping)
    HAL_PWR_EnableBkUpAccess                 0x08001cd5   Thumb Code     8  stm32f1xx_hal_pwr.o(i.HAL_PWR_EnableBkUpAccess)
    HAL_RCCEx_GetPeriphCLKFreq               0x08001ce1   Thumb Code   166  stm32f1xx_hal_rcc_ex.o(i.HAL_RCCEx_GetPeriphCLKFreq)
    HAL_RCCEx_PeriphCLKConfig                0x08001da9   Thumb Code   224  stm32f1xx_hal_rcc_ex.o(i.HAL_RCCEx_PeriphCLKConfig)
    HAL_RCC_ClockConfig                      0x08001e95   Thumb Code   280  stm32f1xx_hal_rcc.o(i.HAL_RCC_ClockConfig)
    HAL_RCC_GetPCLK1Freq                     0x08001fc1   Thumb Code    20  stm32f1xx_hal_rcc.o(i.HAL_RCC_GetPCLK1Freq)
    HAL_RCC_GetPCLK2Freq                     0x08001fe1   Thumb Code    20  stm32f1xx_hal_rcc.o(i.HAL_RCC_GetPCLK2Freq)
    HAL_RCC_GetSysClockFreq                  0x08002001   Thumb Code    74  stm32f1xx_hal_rcc.o(i.HAL_RCC_GetSysClockFreq)
    HAL_RCC_OscConfig                        0x0800206d   Thumb Code   778  stm32f1xx_hal_rcc.o(i.HAL_RCC_OscConfig)
    HAL_RTC_Init                             0x0800238d   Thumb Code   154  stm32f1xx_hal_rtc.o(i.HAL_RTC_Init)
    HAL_RTC_MspInit                          0x0800242d   Thumb Code    40  rtc.o(i.HAL_RTC_MspInit)
    HAL_RTC_WaitForSynchro                   0x08002461   Thumb Code    58  stm32f1xx_hal_rtc.o(i.HAL_RTC_WaitForSynchro)
    HAL_SYSTICK_Config                       0x0800249b   Thumb Code    40  stm32f1xx_hal_cortex.o(i.HAL_SYSTICK_Config)
    HAL_TIMEx_BreakCallback                  0x080024c3   Thumb Code     2  stm32f1xx_hal_tim_ex.o(i.HAL_TIMEx_BreakCallback)
    HAL_TIMEx_CommutCallback                 0x080024c5   Thumb Code     2  stm32f1xx_hal_tim_ex.o(i.HAL_TIMEx_CommutCallback)
    HAL_TIMEx_MasterConfigSynchronization    0x080024c9   Thumb Code    92  stm32f1xx_hal_tim_ex.o(i.HAL_TIMEx_MasterConfigSynchronization)
    HAL_TIM_Base_Init                        0x08002531   Thumb Code    90  stm32f1xx_hal_tim.o(i.HAL_TIM_Base_Init)
    HAL_TIM_Base_MspInit                     0x0800258d   Thumb Code    50  tim.o(i.HAL_TIM_Base_MspInit)
    HAL_TIM_Base_Start_IT                    0x080025c5   Thumb Code    76  stm32f1xx_hal_tim.o(i.HAL_TIM_Base_Start_IT)
    HAL_TIM_ConfigClockSource                0x0800261d   Thumb Code   214  stm32f1xx_hal_tim.o(i.HAL_TIM_ConfigClockSource)
    HAL_TIM_IC_CaptureCallback               0x080026f3   Thumb Code     2  stm32f1xx_hal_tim.o(i.HAL_TIM_IC_CaptureCallback)
    HAL_TIM_IRQHandler                       0x080026f5   Thumb Code   358  stm32f1xx_hal_tim.o(i.HAL_TIM_IRQHandler)
    HAL_TIM_OC_DelayElapsedCallback          0x0800285b   Thumb Code     2  stm32f1xx_hal_tim.o(i.HAL_TIM_OC_DelayElapsedCallback)
    HAL_TIM_PWM_PulseFinishedCallback        0x0800285d   Thumb Code     2  stm32f1xx_hal_tim.o(i.HAL_TIM_PWM_PulseFinishedCallback)
    HAL_TIM_PeriodElapsedCallback            0x08002861   Thumb Code    78  time_handle.o(i.HAL_TIM_PeriodElapsedCallback)
    HAL_TIM_TriggerCallback                  0x080028b9   Thumb Code     2  stm32f1xx_hal_tim.o(i.HAL_TIM_TriggerCallback)
    HAL_UARTEx_RxEventCallback               0x080028bb   Thumb Code     2  stm32f1xx_hal_uart.o(i.HAL_UARTEx_RxEventCallback)
    HAL_UART_ErrorCallback                   0x080028bd   Thumb Code     2  stm32f1xx_hal_uart.o(i.HAL_UART_ErrorCallback)
    HAL_UART_IRQHandler                      0x080028c1   Thumb Code   520  stm32f1xx_hal_uart.o(i.HAL_UART_IRQHandler)
    HAL_UART_Init                            0x08002acd   Thumb Code    98  stm32f1xx_hal_uart.o(i.HAL_UART_Init)
    HAL_UART_MspInit                         0x08002b31   Thumb Code   186  usart.o(i.HAL_UART_MspInit)
    HAL_UART_Receive                         0x08002c01   Thumb Code   192  stm32f1xx_hal_uart.o(i.HAL_UART_Receive)
    HAL_UART_RxCpltCallback                  0x08002cc1   Thumb Code     2  stm32f1xx_hal_uart.o(i.HAL_UART_RxCpltCallback)
    HAL_UART_Transmit                        0x08002cc5   Thumb Code   178  stm32f1xx_hal_uart.o(i.HAL_UART_Transmit)
    HAL_UART_TxCpltCallback                  0x08002d77   Thumb Code     2  stm32f1xx_hal_uart.o(i.HAL_UART_TxCpltCallback)
    HardFault_Handler                        0x08002d79   Thumb Code     2  stm32f1xx_it.o(i.HardFault_Handler)
    MX_ADC1_Init                             0x08002fdd   Thumb Code   114  adc.o(i.MX_ADC1_Init)
    MX_GPIO_Init                             0x08003059   Thumb Code   196  gpio.o(i.MX_GPIO_Init)
    MX_I2C1_Init                             0x08003129   Thumb Code    50  i2c.o(i.MX_I2C1_Init)
    MX_RTC_Init                              0x08003169   Thumb Code    38  rtc.o(i.MX_RTC_Init)
    MX_TIM2_Init                             0x08003199   Thumb Code    96  tim.o(i.MX_TIM2_Init)
    MX_USART1_UART_Init                      0x080031fd   Thumb Code    48  usart.o(i.MX_USART1_UART_Init)
    MX_USART3_UART_Init                      0x08003235   Thumb Code    48  usart.o(i.MX_USART3_UART_Init)
    MemManage_Handler                        0x0800326d   Thumb Code     2  stm32f1xx_it.o(i.MemManage_Handler)
    NMI_Handler                              0x0800326f   Thumb Code     2  stm32f1xx_it.o(i.NMI_Handler)
    OLED_draw_point                          0x08003271   Thumb Code    66  oled.o(i.OLED_draw_point)
    OLED_init                                0x080032b9   Thumb Code   230  oled.o(i.OLED_init)
    OLED_printf                              0x080033a1   Thumb Code    58  oled.o(i.OLED_printf)
    OLED_refresh_gram                        0x080033e5   Thumb Code    46  oled.o(i.OLED_refresh_gram)
    OLED_set_pos                             0x08003419   Thumb Code    40  oled.o(i.OLED_set_pos)
    OLED_show_char                           0x08003441   Thumb Code   116  oled.o(i.OLED_show_char)
    OLED_show_string                         0x080034b9   Thumb Code    46  oled.o(i.OLED_show_string)
    PendSV_Handler                           0x080034e7   Thumb Code     2  stm32f1xx_it.o(i.PendSV_Handler)
    SVC_Handler                              0x08003553   Thumb Code     2  stm32f1xx_it.o(i.SVC_Handler)
    SysTick_Handler                          0x08003555   Thumb Code     4  stm32f1xx_it.o(i.SysTick_Handler)
    SystemClock_Config                       0x08003559   Thumb Code   134  main.o(i.SystemClock_Config)
    SystemInit                               0x080035df   Thumb Code     2  system_stm32f1xx.o(i.SystemInit)
    TIM2_IRQHandler                          0x080035e1   Thumb Code     6  stm32f1xx_it.o(i.TIM2_IRQHandler)
    TIM_Base_SetConfig                       0x080035ed   Thumb Code    94  stm32f1xx_hal_tim.o(i.TIM_Base_SetConfig)
    TIM_ETR_SetConfig                        0x08003659   Thumb Code    20  stm32f1xx_hal_tim.o(i.TIM_ETR_SetConfig)
    USART3_IRQHandler                        0x080038d5   Thumb Code    16  stm32f1xx_it.o(i.USART3_IRQHandler)
    UsageFault_Handler                       0x080038e9   Thumb Code     2  stm32f1xx_it.o(i.UsageFault_Handler)
    __0printf                                0x080038ed   Thumb Code    22  printfa.o(i.__0printf)
    __1printf                                0x080038ed   Thumb Code     0  printfa.o(i.__0printf)
    __2printf                                0x080038ed   Thumb Code     0  printfa.o(i.__0printf)
    __c89printf                              0x080038ed   Thumb Code     0  printfa.o(i.__0printf)
    printf                                   0x080038ed   Thumb Code     0  printfa.o(i.__0printf)
    __0sprintf                               0x0800390d   Thumb Code    34  printfa.o(i.__0sprintf)
    __1sprintf                               0x0800390d   Thumb Code     0  printfa.o(i.__0sprintf)
    __2sprintf                               0x0800390d   Thumb Code     0  printfa.o(i.__0sprintf)
    __c89sprintf                             0x0800390d   Thumb Code     0  printfa.o(i.__0sprintf)
    sprintf                                  0x0800390d   Thumb Code     0  printfa.o(i.__0sprintf)
    __0vsprintf                              0x08003935   Thumb Code    30  printfa.o(i.__0vsprintf)
    __1vsprintf                              0x08003935   Thumb Code     0  printfa.o(i.__0vsprintf)
    __2vsprintf                              0x08003935   Thumb Code     0  printfa.o(i.__0vsprintf)
    __c89vsprintf                            0x08003935   Thumb Code     0  printfa.o(i.__0vsprintf)
    vsprintf                                 0x08003935   Thumb Code     0  printfa.o(i.__0vsprintf)
    __scatterload_copy                       0x08003979   Thumb Code    14  handlers.o(i.__scatterload_copy)
    __scatterload_null                       0x08003987   Thumb Code     2  handlers.o(i.__scatterload_null)
    __scatterload_zeroinit                   0x08003989   Thumb Code    14  handlers.o(i.__scatterload_zeroinit)
    delay_us                                 0x08004235   Thumb Code    18  dht11.o(i.delay_us)
    fputc                                    0x08004249   Thumb Code    20  usart.o(i.fputc)
    get_ir_status                            0x08004261   Thumb Code    22  ir.o(i.get_ir_status)
    init_tiner2                              0x0800427d   Thumb Code     6  time_handle.o(i.init_tiner2)
    main                                     0x08004289   Thumb Code    46  main.o(i.main)
    network_connect_server                   0x080042b9   Thumb Code    88  network.o(i.network_connect_server)
    network_init                             0x0800434d   Thumb Code   218  network.o(i.network_init)
    network_receive_msg                      0x080044f1   Thumb Code    86  network.o(i.network_receive_msg)
    network_reset                            0x08004599   Thumb Code   102  network.o(i.network_reset)
    network_send_cmd                         0x0800464d   Thumb Code   114  network.o(i.network_send_cmd)
    network_send_msg                         0x080046cd   Thumb Code   198  network.o(i.network_send_msg)
    network_set_wifi                         0x080047e5   Thumb Code    88  network.o(i.network_set_wifi)
    network_uart_clear                       0x08004875   Thumb Code    28  network.o(i.network_uart_clear)
    oled_write_byte                          0x08004899   Thumb Code    30  oled.o(i.oled_write_byte)
    set_buzzer                               0x080048c1   Thumb Code    40  buzzer.o(i.set_buzzer)
    set_led                                  0x080048f1   Thumb Code    40  led.o(i.set_led)
    toggle_buzzer                            0x08004921   Thumb Code    10  buzzer.o(i.toggle_buzzer)
    toggle_led                               0x08004931   Thumb Code     8  led.o(i.toggle_led)
    uart3_receiver_handle                    0x0800493d   Thumb Code    58  network.o(i.uart3_receiver_handle)
    user_init_program                        0x08004985   Thumb Code    84  main_program.o(i.user_init_program)
    user_main_program                        0x08004a21   Thumb Code   474  main_program.o(i.user_main_program)
    AHBPrescTable                            0x08004d14   Data          16  system_stm32f1xx.o(.constdata)
    APBPrescTable                            0x08004d24   Data           8  system_stm32f1xx.o(.constdata)
    asc2_1206                                0x08004d2c   Data        1140  oled.o(.constdata)
    LOGO_BMP                                 0x080051a0   Data        1024  oled.o(.constdata)
    __ctype_categories                       0x080055a0   Data          64  ctype_c.o(.constdata)
    Region$$Table$$Base                      0x0800578c   Number         0  anon$$obj.o(Region$$Table)
    Region$$Table$$Limit                     0x080057ac   Number         0  anon$$obj.o(Region$$Table)
    uwTickFreq                               0x20000000   Data           1  stm32f1xx_hal.o(.data)
    uwTickPrio                               0x20000004   Data           4  stm32f1xx_hal.o(.data)
    uwTick                                   0x20000008   Data           4  stm32f1xx_hal.o(.data)
    SystemCoreClock                          0x2000000c   Data           4  system_stm32f1xx.o(.data)
    index_adc                                0x20000010   Data           1  time_handle.o(.data)
    index_oled                               0x20000011   Data           1  time_handle.o(.data)
    index_ir                                 0x20000012   Data           1  time_handle.o(.data)
    index_buzzer                             0x20000013   Data           1  time_handle.o(.data)
    index_10ms                               0x20000014   Data           2  time_handle.o(.data)
    index_send_msg                           0x20000016   Data           2  time_handle.o(.data)
    ir                                       0x20000018   Data           1  main_program.o(.data)
    a0_adc_value                             0x2000001c   Data           4  main_program.o(.data)
    a1_adc_value                             0x20000020   Data           4  main_program.o(.data)
    a2_adc_value                             0x20000024   Data           4  main_program.o(.data)
    env_temp                                 0x20000028   Data           4  main_program.o(.data)
    env_humi                                 0x2000002c   Data           4  main_program.o(.data)
    receive_start                            0x20000030   Data           1  network.o(.data)
    receive_count                            0x20000032   Data           2  network.o(.data)
    receive_finish                           0x20000034   Data           2  network.o(.data)
    __stdout                                 0x20000044   Data           4  stdout.o(.data)
    hadc1                                    0x20000048   Data          48  adc.o(.bss)
    hi2c1                                    0x20000078   Data          84  i2c.o(.bss)
    hrtc                                     0x200000cc   Data          20  rtc.o(.bss)
    htim2                                    0x200000e0   Data          72  tim.o(.bss)
    huart1                                   0x20000128   Data          68  usart.o(.bss)
    huart3                                   0x2000016c   Data          68  usart.o(.bss)
    adcBuf                                   0x200001b0   Data          12  main_program.o(.bss)
    __initial_sp                             0x20001340   Data           0  startup_stm32f103xb.o(STACK)



==============================================================================

Memory Map of the image

  Image Entry point : 0x080000ed

  Load Region LR_IROM1 (Base: 0x08000000, Size: 0x000057f4, Max: 0x00010000, ABSOLUTE)

    Execution Region ER_IROM1 (Base: 0x08000000, Size: 0x000057ac, Max: 0x00010000, ABSOLUTE)

    Base Addr    Size         Type   Attr      Idx    E Section Name        Object

    0x08000000   0x000000ec   Data   RO            3    RESET               startup_stm32f103xb.o
    0x080000ec   0x00000000   Code   RO         4338  * .ARM.Collect$$$$00000000  mc_w.l(entry.o)
    0x080000ec   0x00000004   Code   RO         4632    .ARM.Collect$$$$00000001  mc_w.l(entry2.o)
    0x080000f0   0x00000004   Code   RO         4635    .ARM.Collect$$$$00000004  mc_w.l(entry5.o)
    0x080000f4   0x00000000   Code   RO         4637    .ARM.Collect$$$$00000008  mc_w.l(entry7b.o)
    0x080000f4   0x00000000   Code   RO         4639    .ARM.Collect$$$$0000000A  mc_w.l(entry8b.o)
    0x080000f4   0x00000008   Code   RO         4640    .ARM.Collect$$$$0000000B  mc_w.l(entry9a.o)
    0x080000fc   0x00000000   Code   RO         4642    .ARM.Collect$$$$0000000D  mc_w.l(entry10a.o)
    0x080000fc   0x00000000   Code   RO         4644    .ARM.Collect$$$$0000000F  mc_w.l(entry11a.o)
    0x080000fc   0x00000004   Code   RO         4633    .ARM.Collect$$$$00002712  mc_w.l(entry2.o)
    0x08000100   0x00000024   Code   RO            4    .text               startup_stm32f103xb.o
    0x08000124   0x00000020   Code   RO         4341    .text               mc_w.l(llushr.o)
    0x08000144   0x00000024   Code   RO         4343    .text               mc_w.l(memseta.o)
    0x08000168   0x00000024   Code   RO         4345    .text               mc_w.l(strstr.o)
    0x0800018c   0x0000000e   Code   RO         4347    .text               mc_w.l(strlen.o)
    0x0800019a   0x00000002   PAD
    0x0800019c   0x00000038   Code   RO         4610    .text               mc_w.l(__0sscanf.o)
    0x080001d4   0x0000014c   Code   RO         4612    .text               mc_w.l(_scanf_int.o)
    0x08000320   0x000000e0   Code   RO         4614    .text               mc_w.l(_scanf_str.o)
    0x08000400   0x0000000a   Code   RO         4624    .text               mf_w.l(ffltui.o)
    0x0800040a   0x00000032   Code   RO         4626    .text               mf_w.l(ffixi.o)
    0x0800043c   0x00000026   Code   RO         4630    .text               mf_w.l(f2d.o)
    0x08000462   0x0000002c   Code   RO         4647    .text               mc_w.l(uidiv.o)
    0x0800048e   0x00000062   Code   RO         4649    .text               mc_w.l(uldiv.o)
    0x080004f0   0x0000001c   Code   RO         4651    .text               mc_w.l(_chval.o)
    0x0800050c   0x00000028   Code   RO         4653    .text               mc_w.l(scanf_char.o)
    0x08000534   0x00000040   Code   RO         4655    .text               mc_w.l(_sgetc.o)
    0x08000574   0x00000000   Code   RO         4657    .text               mc_w.l(iusefp.o)
    0x08000574   0x0000006e   Code   RO         4658    .text               mf_w.l(fepilogue.o)
    0x080005e2   0x0000014e   Code   RO         4660    .text               mf_w.l(dadd.o)
    0x08000730   0x000000e4   Code   RO         4662    .text               mf_w.l(dmul.o)
    0x08000814   0x000000de   Code   RO         4664    .text               mf_w.l(ddiv.o)
    0x080008f2   0x00000030   Code   RO         4666    .text               mf_w.l(dfixul.o)
    0x08000922   0x00000002   PAD
    0x08000924   0x00000030   Code   RO         4668    .text               mf_w.l(cdrcmple.o)
    0x08000954   0x00000024   Code   RO         4670    .text               mc_w.l(init.o)
    0x08000978   0x0000001e   Code   RO         4672    .text               mc_w.l(llshl.o)
    0x08000996   0x00000024   Code   RO         4674    .text               mc_w.l(llsshr.o)
    0x080009ba   0x0000000a   Code   RO         4676    .text               mc_w.l(isspace_c.o)
    0x080009c4   0x0000032c   Code   RO         4678    .text               mc_w.l(_scanf.o)
    0x08000cf0   0x000000ba   Code   RO         4680    .text               mf_w.l(depilogue.o)
    0x08000daa   0x00000002   PAD
    0x08000dac   0x00000028   Code   RO         4682    .text               mc_w.l(ctype_c.o)
    0x08000dd4   0x00000056   Code   RO          580    i.ADC_ConversionStop_Disable  stm32f1xx_hal_adc.o
    0x08000e2a   0x00000002   PAD
    0x08000e2c   0x0000007c   Code   RO          584    i.ADC_Enable        stm32f1xx_hal_adc.o
    0x08000ea8   0x00000002   Code   RO          429    i.BusFault_Handler  stm32f1xx_it.o
    0x08000eaa   0x00000002   PAD
    0x08000eac   0x00000058   Code   RO         4227    i.DHT11_ReadBit     dht11.o
    0x08000f04   0x0000001a   Code   RO         4228    i.DHT11_ReadByte    dht11.o
    0x08000f1e   0x00000002   PAD
    0x08000f20   0x000000b4   Code   RO         4229    i.DHT11_RespondSignal  dht11.o
    0x08000fd4   0x0000008e   Code   RO         4230    i.DHT11_SampleData  dht11.o
    0x08001062   0x00000002   PAD
    0x08001064   0x00000058   Code   RO         4231    i.DHT11_StartSignal  dht11.o
    0x080010bc   0x00000002   Code   RO          430    i.DebugMon_Handler  stm32f1xx_it.o
    0x080010be   0x00000004   Code   RO           13    i.Error_Handler     main.o
    0x080010c2   0x00000002   PAD
    0x080010c4   0x000000fc   Code   RO          586    i.HAL_ADC_ConfigChannel  stm32f1xx_hal_adc.o
    0x080011c0   0x00000006   Code   RO          593    i.HAL_ADC_GetValue  stm32f1xx_hal_adc.o
    0x080011c6   0x00000002   PAD
    0x080011c8   0x0000011c   Code   RO          595    i.HAL_ADC_Init      stm32f1xx_hal_adc.o
    0x080012e4   0x00000058   Code   RO          203    i.HAL_ADC_MspInit   adc.o
    0x0800133c   0x0000013c   Code   RO          599    i.HAL_ADC_PollForConversion  stm32f1xx_hal_adc.o
    0x08001478   0x000000c0   Code   RO          601    i.HAL_ADC_Start     stm32f1xx_hal_adc.o
    0x08001538   0x00000034   Code   RO          604    i.HAL_ADC_Stop      stm32f1xx_hal_adc.o
    0x0800156c   0x00000046   Code   RO         1235    i.HAL_DMA_Abort     stm32f1xx_hal_dma.o
    0x080015b2   0x00000002   PAD
    0x080015b4   0x00000098   Code   RO         1236    i.HAL_DMA_Abort_IT  stm32f1xx_hal_dma.o
    0x0800164c   0x00000024   Code   RO          863    i.HAL_Delay         stm32f1xx_hal.o
    0x08001670   0x000001e0   Code   RO         1171    i.HAL_GPIO_Init     stm32f1xx_hal_gpio.o
    0x08001850   0x0000000a   Code   RO         1173    i.HAL_GPIO_ReadPin  stm32f1xx_hal_gpio.o
    0x0800185a   0x00000010   Code   RO         1174    i.HAL_GPIO_TogglePin  stm32f1xx_hal_gpio.o
    0x0800186a   0x0000000a   Code   RO         1175    i.HAL_GPIO_WritePin  stm32f1xx_hal_gpio.o
    0x08001874   0x0000000c   Code   RO          867    i.HAL_GetTick       stm32f1xx_hal.o
    0x08001880   0x00000188   Code   RO         1842    i.HAL_I2C_Init      stm32f1xx_hal_i2c.o
    0x08001a08   0x0000012c   Code   RO         1855    i.HAL_I2C_Master_Transmit  stm32f1xx_hal_i2c.o
    0x08001b34   0x00000070   Code   RO          245    i.HAL_I2C_MspInit   i2c.o
    0x08001ba4   0x00000010   Code   RO          873    i.HAL_IncTick       stm32f1xx_hal.o
    0x08001bb4   0x00000024   Code   RO          874    i.HAL_Init          stm32f1xx_hal.o
    0x08001bd8   0x00000040   Code   RO          875    i.HAL_InitTick      stm32f1xx_hal.o
    0x08001c18   0x0000003c   Code   RO          520    i.HAL_MspInit       stm32f1xx_hal_msp.o
    0x08001c54   0x0000001a   Code   RO         1331    i.HAL_NVIC_EnableIRQ  stm32f1xx_hal_cortex.o
    0x08001c6e   0x00000002   PAD
    0x08001c70   0x00000040   Code   RO         1337    i.HAL_NVIC_SetPriority  stm32f1xx_hal_cortex.o
    0x08001cb0   0x00000024   Code   RO         1338    i.HAL_NVIC_SetPriorityGrouping  stm32f1xx_hal_cortex.o
    0x08001cd4   0x0000000c   Code   RO         1453    i.HAL_PWR_EnableBkUpAccess  stm32f1xx_hal_pwr.o
    0x08001ce0   0x000000c8   Code   RO         1133    i.HAL_RCCEx_GetPeriphCLKFreq  stm32f1xx_hal_rcc_ex.o
    0x08001da8   0x000000ec   Code   RO         1134    i.HAL_RCCEx_PeriphCLKConfig  stm32f1xx_hal_rcc_ex.o
    0x08001e94   0x0000012c   Code   RO         1031    i.HAL_RCC_ClockConfig  stm32f1xx_hal_rcc.o
    0x08001fc0   0x00000020   Code   RO         1038    i.HAL_RCC_GetPCLK1Freq  stm32f1xx_hal_rcc.o
    0x08001fe0   0x00000020   Code   RO         1039    i.HAL_RCC_GetPCLK2Freq  stm32f1xx_hal_rcc.o
    0x08002000   0x0000006c   Code   RO         1040    i.HAL_RCC_GetSysClockFreq  stm32f1xx_hal_rcc.o
    0x0800206c   0x00000320   Code   RO         1043    i.HAL_RCC_OscConfig  stm32f1xx_hal_rcc.o
    0x0800238c   0x000000a0   Code   RO         2271    i.HAL_RTC_Init      stm32f1xx_hal_rtc.o
    0x0800242c   0x00000034   Code   RO          287    i.HAL_RTC_MspInit   rtc.o
    0x08002460   0x0000003a   Code   RO         2279    i.HAL_RTC_WaitForSynchro  stm32f1xx_hal_rtc.o
    0x0800249a   0x00000028   Code   RO         1342    i.HAL_SYSTICK_Config  stm32f1xx_hal_cortex.o
    0x080024c2   0x00000002   Code   RO         3241    i.HAL_TIMEx_BreakCallback  stm32f1xx_hal_tim_ex.o
    0x080024c4   0x00000002   Code   RO         3242    i.HAL_TIMEx_CommutCallback  stm32f1xx_hal_tim_ex.o
    0x080024c6   0x00000002   PAD
    0x080024c8   0x00000068   Code   RO         3260    i.HAL_TIMEx_MasterConfigSynchronization  stm32f1xx_hal_tim_ex.o
    0x08002530   0x0000005a   Code   RO         2537    i.HAL_TIM_Base_Init  stm32f1xx_hal_tim.o
    0x0800258a   0x00000002   PAD
    0x0800258c   0x00000038   Code   RO          329    i.HAL_TIM_Base_MspInit  tim.o
    0x080025c4   0x00000058   Code   RO         2542    i.HAL_TIM_Base_Start_IT  stm32f1xx_hal_tim.o
    0x0800261c   0x000000d6   Code   RO         2546    i.HAL_TIM_ConfigClockSource  stm32f1xx_hal_tim.o
    0x080026f2   0x00000002   Code   RO         2571    i.HAL_TIM_IC_CaptureCallback  stm32f1xx_hal_tim.o
    0x080026f4   0x00000166   Code   RO         2585    i.HAL_TIM_IRQHandler  stm32f1xx_hal_tim.o
    0x0800285a   0x00000002   Code   RO         2588    i.HAL_TIM_OC_DelayElapsedCallback  stm32f1xx_hal_tim.o
    0x0800285c   0x00000002   Code   RO         2615    i.HAL_TIM_PWM_PulseFinishedCallback  stm32f1xx_hal_tim.o
    0x0800285e   0x00000002   PAD
    0x08002860   0x00000058   Code   RO         3903    i.HAL_TIM_PeriodElapsedCallback  time_handle.o
    0x080028b8   0x00000002   Code   RO         2628    i.HAL_TIM_TriggerCallback  stm32f1xx_hal_tim.o
    0x080028ba   0x00000002   Code   RO         3519    i.HAL_UARTEx_RxEventCallback  stm32f1xx_hal_uart.o
    0x080028bc   0x00000002   Code   RO         3533    i.HAL_UART_ErrorCallback  stm32f1xx_hal_uart.o
    0x080028be   0x00000002   PAD
    0x080028c0   0x0000020c   Code   RO         3536    i.HAL_UART_IRQHandler  stm32f1xx_hal_uart.o
    0x08002acc   0x00000062   Code   RO         3537    i.HAL_UART_Init     stm32f1xx_hal_uart.o
    0x08002b2e   0x00000002   PAD
    0x08002b30   0x000000d0   Code   RO          371    i.HAL_UART_MspInit  usart.o
    0x08002c00   0x000000c0   Code   RO         3540    i.HAL_UART_Receive  stm32f1xx_hal_uart.o
    0x08002cc0   0x00000002   Code   RO         3543    i.HAL_UART_RxCpltCallback  stm32f1xx_hal_uart.o
    0x08002cc2   0x00000002   PAD
    0x08002cc4   0x000000b2   Code   RO         3545    i.HAL_UART_Transmit  stm32f1xx_hal_uart.o
    0x08002d76   0x00000002   Code   RO         3548    i.HAL_UART_TxCpltCallback  stm32f1xx_hal_uart.o
    0x08002d78   0x00000002   Code   RO          431    i.HardFault_Handler  stm32f1xx_it.o
    0x08002d7a   0x0000002e   Code   RO         1884    i.I2C_IsAcknowledgeFailed  stm32f1xx_hal_i2c.o
    0x08002da8   0x0000009c   Code   RO         1888    i.I2C_MasterRequestWrite  stm32f1xx_hal_i2c.o
    0x08002e44   0x0000004c   Code   RO         1899    i.I2C_WaitOnBTFFlagUntilTimeout  stm32f1xx_hal_i2c.o
    0x08002e90   0x00000068   Code   RO         1900    i.I2C_WaitOnFlagUntilTimeout  stm32f1xx_hal_i2c.o
    0x08002ef8   0x00000096   Code   RO         1901    i.I2C_WaitOnMasterAddressFlagUntilTimeout  stm32f1xx_hal_i2c.o
    0x08002f8e   0x0000004c   Code   RO         1903    i.I2C_WaitOnTXEFlagUntilTimeout  stm32f1xx_hal_i2c.o
    0x08002fda   0x00000002   PAD
    0x08002fdc   0x0000007c   Code   RO          204    i.MX_ADC1_Init      adc.o
    0x08003058   0x000000d0   Code   RO          178    i.MX_GPIO_Init      gpio.o
    0x08003128   0x00000040   Code   RO          246    i.MX_I2C1_Init      i2c.o
    0x08003168   0x00000030   Code   RO          288    i.MX_RTC_Init       rtc.o
    0x08003198   0x00000064   Code   RO          330    i.MX_TIM2_Init      tim.o
    0x080031fc   0x00000038   Code   RO          372    i.MX_USART1_UART_Init  usart.o
    0x08003234   0x00000038   Code   RO          373    i.MX_USART3_UART_Init  usart.o
    0x0800326c   0x00000002   Code   RO          432    i.MemManage_Handler  stm32f1xx_it.o
    0x0800326e   0x00000002   Code   RO          433    i.NMI_Handler       stm32f1xx_it.o
    0x08003270   0x00000048   Code   RO         4079    i.OLED_draw_point   oled.o
    0x080032b8   0x000000e6   Code   RO         4080    i.OLED_init         oled.o
    0x0800339e   0x00000002   PAD
    0x080033a0   0x00000044   Code   RO         4082    i.OLED_printf       oled.o
    0x080033e4   0x00000034   Code   RO         4083    i.OLED_refresh_gram  oled.o
    0x08003418   0x00000028   Code   RO         4084    i.OLED_set_pos      oled.o
    0x08003440   0x00000078   Code   RO         4085    i.OLED_show_char    oled.o
    0x080034b8   0x0000002e   Code   RO         4086    i.OLED_show_string  oled.o
    0x080034e6   0x00000002   Code   RO          434    i.PendSV_Handler    stm32f1xx_it.o
    0x080034e8   0x00000034   Code   RO         2283    i.RTC_EnterInitMode  stm32f1xx_hal_rtc.o
    0x0800351c   0x00000036   Code   RO         2284    i.RTC_ExitInitMode  stm32f1xx_hal_rtc.o
    0x08003552   0x00000002   Code   RO          435    i.SVC_Handler       stm32f1xx_it.o
    0x08003554   0x00000004   Code   RO          436    i.SysTick_Handler   stm32f1xx_it.o
    0x08003558   0x00000086   Code   RO           14    i.SystemClock_Config  main.o
    0x080035de   0x00000002   Code   RO         3866    i.SystemInit        system_stm32f1xx.o
    0x080035e0   0x0000000c   Code   RO          437    i.TIM2_IRQHandler   stm32f1xx_it.o
    0x080035ec   0x0000006c   Code   RO         2630    i.TIM_Base_SetConfig  stm32f1xx_hal_tim.o
    0x08003658   0x00000014   Code   RO         2641    i.TIM_ETR_SetConfig  stm32f1xx_hal_tim.o
    0x0800366c   0x00000010   Code   RO         2642    i.TIM_ITRx_SetConfig  stm32f1xx_hal_tim.o
    0x0800367c   0x00000022   Code   RO         2648    i.TIM_TI1_ConfigInputStage  stm32f1xx_hal_tim.o
    0x0800369e   0x00000024   Code   RO         2650    i.TIM_TI2_ConfigInputStage  stm32f1xx_hal_tim.o
    0x080036c2   0x00000010   Code   RO         3550    i.UART_DMAAbortOnError  stm32f1xx_hal_uart.o
    0x080036d2   0x00000030   Code   RO         3560    i.UART_EndRxTransfer  stm32f1xx_hal_uart.o
    0x08003702   0x000000b6   Code   RO         3562    i.UART_Receive_IT   stm32f1xx_hal_uart.o
    0x080037b8   0x000000b8   Code   RO         3563    i.UART_SetConfig    stm32f1xx_hal_uart.o
    0x08003870   0x00000064   Code   RO         3566    i.UART_WaitOnFlagUntilTimeout  stm32f1xx_hal_uart.o
    0x080038d4   0x00000014   Code   RO          438    i.USART3_IRQHandler  stm32f1xx_it.o
    0x080038e8   0x00000002   Code   RO          439    i.UsageFault_Handler  stm32f1xx_it.o
    0x080038ea   0x00000002   PAD
    0x080038ec   0x00000020   Code   RO         4582    i.__0printf         mc_w.l(printfa.o)
    0x0800390c   0x00000028   Code   RO         4584    i.__0sprintf        mc_w.l(printfa.o)
    0x08003934   0x00000024   Code   RO         4588    i.__0vsprintf       mc_w.l(printfa.o)
    0x08003958   0x00000020   Code   RO         1344    i.__NVIC_SetPriority  stm32f1xx_hal_cortex.o
    0x08003978   0x0000000e   Code   RO         4687    i.__scatterload_copy  mc_w.l(handlers.o)
    0x08003986   0x00000002   Code   RO         4688    i.__scatterload_null  mc_w.l(handlers.o)
    0x08003988   0x0000000e   Code   RO         4689    i.__scatterload_zeroinit  mc_w.l(handlers.o)
    0x08003996   0x00000002   PAD
    0x08003998   0x00000164   Code   RO         4589    i._fp_digits        mc_w.l(printfa.o)
    0x08003afc   0x000006dc   Code   RO         4590    i._printf_core      mc_w.l(printfa.o)
    0x080041d8   0x00000024   Code   RO         4591    i._printf_post_padding  mc_w.l(printfa.o)
    0x080041fc   0x0000002e   Code   RO         4592    i._printf_pre_padding  mc_w.l(printfa.o)
    0x0800422a   0x0000000a   Code   RO         4594    i._sputc            mc_w.l(printfa.o)
    0x08004234   0x00000012   Code   RO         4232    i.delay_us          dht11.o
    0x08004246   0x00000002   PAD
    0x08004248   0x00000018   Code   RO          374    i.fputc             usart.o
    0x08004260   0x0000001c   Code   RO         4279    i.get_ir_status     ir.o
    0x0800427c   0x0000000c   Code   RO         3904    i.init_tiner2       time_handle.o
    0x08004288   0x0000002e   Code   RO           15    i.main              main.o
    0x080042b6   0x00000002   PAD
    0x080042b8   0x00000094   Code   RO         3995    i.network_connect_server  network.o
    0x0800434c   0x000001a4   Code   RO         3996    i.network_init      network.o
    0x080044f0   0x000000a8   Code   RO         3997    i.network_receive_msg  network.o
    0x08004598   0x000000b4   Code   RO         3998    i.network_reset     network.o
    0x0800464c   0x00000080   Code   RO         3999    i.network_send_cmd  network.o
    0x080046cc   0x00000118   Code   RO         4000    i.network_send_msg  network.o
    0x080047e4   0x00000090   Code   RO         4001    i.network_set_wifi  network.o
    0x08004874   0x00000024   Code   RO         4002    i.network_uart_clear  network.o
    0x08004898   0x00000028   Code   RO         4087    i.oled_write_byte   oled.o
    0x080048c0   0x00000030   Code   RO         4190    i.set_buzzer        buzzer.o
    0x080048f0   0x00000030   Code   RO         4304    i.set_led           led.o
    0x08004920   0x00000010   Code   RO         4191    i.toggle_buzzer     buzzer.o
    0x08004930   0x0000000c   Code   RO         4305    i.toggle_led        led.o
    0x0800493c   0x00000048   Code   RO         4003    i.uart3_receiver_handle  network.o
    0x08004984   0x0000009c   Code   RO         3939    i.user_init_program  main_program.o
    0x08004a20   0x000002f4   Code   RO         3940    i.user_main_program  main_program.o
    0x08004d14   0x00000010   Data   RO         3867    .constdata          system_stm32f1xx.o
    0x08004d24   0x00000008   Data   RO         3868    .constdata          system_stm32f1xx.o
    0x08004d2c   0x00000874   Data   RO         4089    .constdata          oled.o
    0x080055a0   0x00000040   Data   RO         4683    .constdata          mc_w.l(ctype_c.o)
    0x080055e0   0x000001ab   Data   RO         4005    .conststring        network.o
    0x0800578b   0x00000001   PAD
    0x0800578c   0x00000020   Data   RO         4685    Region$$Table       anon$$obj.o


    Execution Region RW_IRAM1 (Base: 0x20000000, Size: 0x00001340, Max: 0x00005000, ABSOLUTE)

    Base Addr    Size         Type   Attr      Idx    E Section Name        Object

    0x20000000   0x0000000c   Data   RW          881    .data               stm32f1xx_hal.o
    0x2000000c   0x00000004   Data   RW         3869    .data               system_stm32f1xx.o
    0x20000010   0x00000008   Data   RW         3905    .data               time_handle.o
    0x20000018   0x00000018   Data   RW         3942    .data               main_program.o
    0x20000030   0x00000006   Data   RW         4006    .data               network.o
    0x20000036   0x00000002   PAD
    0x20000038   0x00000008   Data   RW         4090    .data               oled.o
    0x20000040   0x00000001   Data   RW         4192    .data               buzzer.o
    0x20000041   0x00000001   Data   RW         4306    .data               led.o
    0x20000042   0x00000002   PAD
    0x20000044   0x00000004   Data   RW         4646    .data               mc_w.l(stdout.o)
    0x20000048   0x00000030   Zero   RW          205    .bss                adc.o
    0x20000078   0x00000054   Zero   RW          247    .bss                i2c.o
    0x200000cc   0x00000014   Zero   RW          289    .bss                rtc.o
    0x200000e0   0x00000048   Zero   RW          331    .bss                tim.o
    0x20000128   0x00000088   Zero   RW          375    .bss                usart.o
    0x200001b0   0x0000000c   Zero   RW         3941    .bss                main_program.o
    0x200001bc   0x00000300   Zero   RW         4004    .bss                network.o
    0x200004bc   0x00000480   Zero   RW         4088    .bss                oled.o
    0x2000093c   0x00000004   PAD
    0x20000940   0x00000a00   Zero   RW            1    STACK               startup_stm32f103xb.o


==============================================================================

Image component sizes


      Code (inc. data)   RO Data    RW Data    ZI Data      Debug   Object Name

       212         22          0          0         48       2141   adc.o
        64         14          0          1          0       1465   buzzer.o
       542        100          0          0          0       5535   dht11.o
       208         12          0          0          0       1211   gpio.o
       176         30          0          0         84       2113   i2c.o
        28          6          0          0          0        600   ir.o
        60         12          0          1          0       1435   led.o
       184          0          0          0          0     457268   main.o
       912        354          0         24         12       3141   main_program.o
      1576        596        427          6        768       8618   network.o
       668         36       2164          8       1152       8612   oled.o
       100         22          0          0         20       1963   rtc.o
        36          8        236          0       2560        880   startup_stm32f103xb.o
       164         28          0         12          0       6805   stm32f1xx_hal.o
      1312         54          0          0          0       8239   stm32f1xx_hal_adc.o
       198         14          0          0          0      29619   stm32f1xx_hal_cortex.o
       222          4          0          0          0       2107   stm32f1xx_hal_dma.o
       516         34          0          0          0       4692   stm32f1xx_hal_gpio.o
      1300         32          0          0          0       9937   stm32f1xx_hal_i2c.o
        60          8          0          0          0       1098   stm32f1xx_hal_msp.o
        12          4          0          0          0        627   stm32f1xx_hal_pwr.o
      1272        100          0          0          0       5868   stm32f1xx_hal_rcc.o
       436         46          0          0          0       2873   stm32f1xx_hal_rcc_ex.o
       324          6          0          0          0       4268   stm32f1xx_hal_rtc.o
       972         26          0          0          0      11217   stm32f1xx_hal_tim.o
       108         12          0          0          0       2821   stm32f1xx_hal_tim_ex.o
      1530         10          0          0          0      12467   stm32f1xx_hal_uart.o
        52         10          0          0          0       6016   stm32f1xx_it.o
         2          0         24          4          0       1455   system_stm32f1xx.o
       156         10          0          0         72       2114   tim.o
       100         16          0          8          0       2289   time_handle.o
       344         42          0          0        136       4803   usart.o

    ----------------------------------------------------------------------
     13884       1668       2884         68       4856     614297   Object Totals
         0          0         32          0          0          0   (incl. Generated)
        38          0          1          4          4          0   (incl. Padding)

    ----------------------------------------------------------------------

      Code (inc. data)   RO Data    RW Data    ZI Data      Debug   Library Member Name

        56          8          0          0          0         84   __0sscanf.o
        28          0          0          0          0         68   _chval.o
       812          4          0          0          0        112   _scanf.o
       332          0          0          0          0         96   _scanf_int.o
       224          0          0          0          0         96   _scanf_str.o
        64          0          0          0          0         84   _sgetc.o
        40          6         64          0          0         68   ctype_c.o
         0          0          0          0          0          0   entry.o
         0          0          0          0          0          0   entry10a.o
         0          0          0          0          0          0   entry11a.o
         8          4          0          0          0          0   entry2.o
         4          0          0          0          0          0   entry5.o
         0          0          0          0          0          0   entry7b.o
         0          0          0          0          0          0   entry8b.o
         8          4          0          0          0          0   entry9a.o
        30          0          0          0          0          0   handlers.o
        36          8          0          0          0         68   init.o
        10          0          0          0          0         68   isspace_c.o
         0          0          0          0          0          0   iusefp.o
        30          0          0          0          0         68   llshl.o
        36          0          0          0          0         68   llsshr.o
        32          0          0          0          0         68   llushr.o
        36          0          0          0          0        108   memseta.o
      2312        102          0          0          0        676   printfa.o
        40          8          0          0          0         84   scanf_char.o
         0          0          0          4          0          0   stdout.o
        14          0          0          0          0         68   strlen.o
        36          0          0          0          0         80   strstr.o
        44          0          0          0          0         80   uidiv.o
        98          0          0          0          0         92   uldiv.o
        48          0          0          0          0         68   cdrcmple.o
       334          0          0          0          0        148   dadd.o
       222          0          0          0          0        100   ddiv.o
       186          0          0          0          0        176   depilogue.o
        48          0          0          0          0         68   dfixul.o
       228          0          0          0          0         96   dmul.o
        38          0          0          0          0         68   f2d.o
       110          0          0          0          0        168   fepilogue.o
        50          0          0          0          0         68   ffixi.o
        10          0          0          0          0         68   ffltui.o

    ----------------------------------------------------------------------
      5612        144         64          4          0       3164   Library Totals
         8          0          0          0          0          0   (incl. Padding)

    ----------------------------------------------------------------------

      Code (inc. data)   RO Data    RW Data    ZI Data      Debug   Library Name

      4330        144         64          4          0       2136   mc_w.l
      1274          0          0          0          0       1028   mf_w.l

    ----------------------------------------------------------------------
      5612        144         64          4          0       3164   Library Totals

    ----------------------------------------------------------------------

==============================================================================


      Code (inc. data)   RO Data    RW Data    ZI Data      Debug   

     19496       1812       2948         72       4856     609085   Grand Totals
     19496       1812       2948         72       4856     609085   ELF Image Totals
     19496       1812       2948         72          0          0   ROM Totals

==============================================================================

    Total RO  Size (Code + RO Data)                22444 (  21.92kB)
    Total RW  Size (RW Data + ZI Data)              4928 (   4.81kB)
    Total ROM Size (Code + RO Data + RW Data)      22516 (  21.99kB)

==============================================================================

